// Jest Snapshot v1, https://goo.gl/fbAQLP

exports[`<SectionCollapseAdapter> renders 1`] = `
"<div class=\\"hig__global-nav\\">
    <div class=\\"hig__global-nav__sidenav\\">
    <div class=\\"hig__global-nav__sidenav__scroll\\">
        <div class=\\"hig__global-nav__side-nav__section\\">
    <div class=\\"hig__global-nav__side-nav__section__header\\">
        <span class=\\"hig__global-nav__side-nav__section__header__label\\">Project</span>
        <span class=\\"hig__global-nav__side-nav__section__header__name\\">X</span>
        <div class=\\"hig__global-nav__side-nav__section__collapse\\"><div class=\\"hig__icon\\"><svg width=\\"11\\" height=\\"12\\" viewBox=\\"0 0 11 12\\" xmlns=\\"http://www.w3.org/2000/svg\\" role=\\"img\\" title=\\"double-caret\\"><g stroke-width=\\"1.5\\" stroke=\\"#979797\\" fill=\\"none\\" fill-rule=\\"evenodd\\" stroke-linecap=\\"round\\" stroke-linejoin=\\"round\\"><polyline points=\\"8 11 12 15 16 11\\" transform=\\"translate(-6.432 -9.533)\\"></polyline><polyline points=\\"8 11 12 15 16 11\\" transform=\\"translate(-6.432 -4.533)\\"></polyline></g></svg></div></div><!--SECTION-COLLAPSE-->
    </div>
    <!--GROUP-->
</div><!--SECTION-->
        <div class=\\"hig__global-nav__sidenav__links\\">
            <!--LINK-->
        </div>
        <div class=\\"hig__global-nav__sidenav__copyright\\">© 2017 Autodesk, Inc.</div>
    </div>
    <!--SEARCH-->
</div><!--SIDENAV-->
    <div class=\\"hig__global-nav__container\\">
        <!--TOPNAV-->
        <!--SUBNAV-->
        <div class=\\"hig__global-nav__slot\\">
            <!--SLOT-->
        </div>
    </div>
</div>"
`;

exports[`<SectionCollapseAdapter> renders with updated props 1`] = `
"<div class=\\"hig__global-nav\\">
    <div class=\\"hig__global-nav__sidenav\\">
    <div class=\\"hig__global-nav__sidenav__scroll\\">
        <div class=\\"hig__global-nav__side-nav__section\\">
    <div class=\\"hig__global-nav__side-nav__section__header\\">
        <span class=\\"hig__global-nav__side-nav__section__header__label\\">Project</span>
        <span class=\\"hig__global-nav__side-nav__section__header__name\\">X</span>
        <div class=\\"hig__global-nav__side-nav__section__collapse hig__global-nav__side-nav__section__collapse--collapsed\\"><div class=\\"hig__icon\\"><svg width=\\"11\\" height=\\"12\\" viewBox=\\"0 0 11 12\\" xmlns=\\"http://www.w3.org/2000/svg\\" role=\\"img\\" title=\\"double-caret\\"><g stroke-width=\\"1.5\\" stroke=\\"#979797\\" fill=\\"none\\" fill-rule=\\"evenodd\\" stroke-linecap=\\"round\\" stroke-linejoin=\\"round\\"><polyline points=\\"8 11 12 15 16 11\\" transform=\\"translate(-6.432 -9.533)\\"></polyline><polyline points=\\"8 11 12 15 16 11\\" transform=\\"translate(-6.432 -4.533)\\"></polyline></g></svg></div></div><!--SECTION-COLLAPSE-->
    </div>
    <!--GROUP-->
</div><!--SECTION-->
        <div class=\\"hig__global-nav__sidenav__links\\">
            <!--LINK-->
        </div>
        <div class=\\"hig__global-nav__sidenav__copyright\\">© 2017 Autodesk, Inc.</div>
    </div>
    <!--SEARCH-->
</div><!--SIDENAV-->
    <div class=\\"hig__global-nav__container\\">
        <!--TOPNAV-->
        <!--SUBNAV-->
        <div class=\\"hig__global-nav__slot\\">
            <!--SLOT-->
        </div>
    </div>
</div>"
`;
