// Jest Snapshot v1, https://goo.gl/fbAQLP

exports[`<Profile> constructor has a good snapshot 1`] = `
"<div class=\\"hig__global-nav\\">
    <!--SIDENAV-->
    <div class=\\"hig__global-nav__container\\">
        <div class=\\"hig__global-nav__top-nav\\">
  <div class=\\"hig__global-nav__top-nav__group hig__global-nav__top-nav__group--left\\">
    <div class=\\"hig__global-nav__top-nav__hamburger\\">
      <div class=\\"hig__global-nav__top-nav__hamburger__hamburgericon\\"><div class=\\"hig__icon\\"><svg width=\\"16\\" height=\\"12\\" viewBox=\\"0 0 16 12\\" xmlns=\\"http://www.w3.org/2000/svg\\" role=\\"img\\" title=\\"hamburger\\"><g transform=\\"translate(-4 -6)\\" fill=\\"#353636\\" fill-rule=\\"evenodd\\"><rect x=\\"4\\" y=\\"6\\" width=\\"16\\" height=\\"2\\"></rect><rect x=\\"4\\" y=\\"11\\" width=\\"16\\" height=\\"2\\"></rect><rect x=\\"4\\" y=\\"16\\" width=\\"16\\" height=\\"2\\"></rect></g></svg></div></div>
      <div class=\\"hig__global-nav__top-nav__hamburger__closeicon\\"><div class=\\"hig__icon\\"><svg width=\\"18\\" height=\\"18\\" viewBox=\\"0 0 18 18\\" xmlns=\\"http://www.w3.org/2000/svg\\" role=\\"img\\" title=\\"close-hamburger\\"><g stroke=\\"#0A131C\\" stroke-width=\\"2\\" fill=\\"none\\" fill-rule=\\"evenodd\\" stroke-linecap=\\"square\\"><path d=\\"M18.754628,5.24537196 L5.24537196,18.754628\\" transform=\\"translate(-3 -3)\\"></path><path d=\\"M5.24537196,5.24537196 L18.754628,18.754628\\" transform=\\"translate(-3 -3)\\"></path></g></svg></div></div>
    </div>
    <div class=\\"hig__global-nav__top-nav__logo\\">
      <a>
        <img src=\\"\\">
      </a>
    </div>
  </div>
  <!--SEARCH-->
  <div class=\\"hig__global-nav__top-nav__spacer\\"></div>
  <!--PROJECT_ACCOUNT_SWITCHER-->
  <div class=\\"hig__global-nav__top-nav__group hig__global-nav__top-nav__group--right\\">
  <!--SHORTCUT-->
  </div>
  <div class=\\"hig__global-nav__profile\\">
    <div class=\\"hig__global-nav__top-nav__group hig__global-nav__top-nav__group--right\\">
        <!--FLYOUT-->
    <div class=\\"hig__flyout hig__flyout--anchor-top-right\\">
    <div class=\\"hig__global-nav__top-nav__profile__profile-image\\">
    <img class=\\"hig__global-nav__top-nav__profile__profile-image__image\\" src=\\"something.jpg\\">
</div><!--TARGET-->
    <div class=\\"hig__flyout__container\\">
        <div class=\\"hig__flyout__chevron\\"></div>
        <div class=\\"hig__flyout__panel\\">
            <div class=\\"hig__global-nav__top-nav__profile__profile-flyout-content\\">
    <div class=\\"hig__global-nav__top-nav__profile__profile-flyout-content__name\\">Foo Bears</div>
    <div class=\\"hig__global-nav__top-nav__profile__profile-flyout-content__email\\">charuvenki@example.com</div>
    <div class=\\"hig__global-nav__top-nav__profile__profile-flyout-content__links\\">
        <a href=\\"#\\" tabindex=\\"0\\" class=\\"hig__button hig__button--secondary hig__button--small\\" title=\\"Sign Out\\">
    <!--ICON-->
    <span class=\\"hig__button__title\\">Sign Out</span>
</a><!--SIGN_OUT_BUTTON-->
        <a href=\\"https://www.autodesk.com\\" tabindex=\\"0\\" class=\\"hig__button hig__button--secondary hig__button--small\\" title=\\"Profile Settings\\">
    <!--ICON-->
    <span class=\\"hig__button__title\\">Profile Settings</span>
</a><!--SETTINGS_LINK-->
    </div>
</div><!--SLOT-->
        </div>
    </div>
</div></div>
</div><!--PROFILE-->
</div><!--TOPNAV-->
        <!--SUBNAV-->
        <div class=\\"hig__global-nav__slot\\">
            <!--SLOT-->
        </div>
    </div>
</div>"
`;

exports[`<Profile> setting and updating props can set props for email 1`] = `
"<div class=\\"hig__global-nav\\">
    <!--SIDENAV-->
    <div class=\\"hig__global-nav__container\\">
        <div class=\\"hig__global-nav__top-nav\\">
  <div class=\\"hig__global-nav__top-nav__group hig__global-nav__top-nav__group--left\\">
    <div class=\\"hig__global-nav__top-nav__hamburger\\">
      <div class=\\"hig__global-nav__top-nav__hamburger__hamburgericon\\"><div class=\\"hig__icon\\"><svg width=\\"16\\" height=\\"12\\" viewBox=\\"0 0 16 12\\" xmlns=\\"http://www.w3.org/2000/svg\\" role=\\"img\\" title=\\"hamburger\\"><g transform=\\"translate(-4 -6)\\" fill=\\"#353636\\" fill-rule=\\"evenodd\\"><rect x=\\"4\\" y=\\"6\\" width=\\"16\\" height=\\"2\\"></rect><rect x=\\"4\\" y=\\"11\\" width=\\"16\\" height=\\"2\\"></rect><rect x=\\"4\\" y=\\"16\\" width=\\"16\\" height=\\"2\\"></rect></g></svg></div></div>
      <div class=\\"hig__global-nav__top-nav__hamburger__closeicon\\"><div class=\\"hig__icon\\"><svg width=\\"18\\" height=\\"18\\" viewBox=\\"0 0 18 18\\" xmlns=\\"http://www.w3.org/2000/svg\\" role=\\"img\\" title=\\"close-hamburger\\"><g stroke=\\"#0A131C\\" stroke-width=\\"2\\" fill=\\"none\\" fill-rule=\\"evenodd\\" stroke-linecap=\\"square\\"><path d=\\"M18.754628,5.24537196 L5.24537196,18.754628\\" transform=\\"translate(-3 -3)\\"></path><path d=\\"M5.24537196,5.24537196 L18.754628,18.754628\\" transform=\\"translate(-3 -3)\\"></path></g></svg></div></div>
    </div>
    <div class=\\"hig__global-nav__top-nav__logo\\">
      <a>
        <img src=\\"\\">
      </a>
    </div>
  </div>
  <!--SEARCH-->
  <div class=\\"hig__global-nav__top-nav__spacer\\"></div>
  <!--PROJECT_ACCOUNT_SWITCHER-->
  <div class=\\"hig__global-nav__top-nav__group hig__global-nav__top-nav__group--right\\">
  <!--SHORTCUT-->
  </div>
  <div class=\\"hig__global-nav__profile\\">
    <div class=\\"hig__global-nav__top-nav__group hig__global-nav__top-nav__group--right\\">
        <!--FLYOUT-->
    <div class=\\"hig__flyout hig__flyout--anchor-top-right\\">
    <div class=\\"hig__global-nav__top-nav__profile__profile-image\\">
    <img class=\\"hig__global-nav__top-nav__profile__profile-image__image\\" src=\\"https://placekitten.com/g/50/50\\">
</div><!--TARGET-->
    <div class=\\"hig__flyout__container\\">
        <div class=\\"hig__flyout__chevron\\"></div>
        <div class=\\"hig__flyout__panel\\">
            <div class=\\"hig__global-nav__top-nav__profile__profile-flyout-content\\">
    <div class=\\"hig__global-nav__top-nav__profile__profile-flyout-content__name\\">name</div>
    <div class=\\"hig__global-nav__top-nav__profile__profile-flyout-content__email\\">foo@example.com</div>
    <div class=\\"hig__global-nav__top-nav__profile__profile-flyout-content__links\\">
        <a href=\\"#\\" tabindex=\\"0\\" class=\\"hig__button hig__button--secondary hig__button--small\\" title=\\"Sign Out\\">
    <!--ICON-->
    <span class=\\"hig__button__title\\">Sign Out</span>
</a><!--SIGN_OUT_BUTTON-->
        <a href=\\"https://www.autodesk.com\\" tabindex=\\"0\\" class=\\"hig__button hig__button--secondary hig__button--small\\" title=\\"Profile Settings\\">
    <!--ICON-->
    <span class=\\"hig__button__title\\">Profile Settings</span>
</a><!--SETTINGS_LINK-->
    </div>
</div><!--SLOT-->
        </div>
    </div>
</div></div>
</div><!--PROFILE-->
</div><!--TOPNAV-->
        <!--SUBNAV-->
        <div class=\\"hig__global-nav__slot\\">
            <!--SLOT-->
        </div>
    </div>
</div>"
`;

exports[`<Profile> setting and updating props can set props for image 1`] = `
"<div class=\\"hig__global-nav\\">
    <!--SIDENAV-->
    <div class=\\"hig__global-nav__container\\">
        <div class=\\"hig__global-nav__top-nav\\">
  <div class=\\"hig__global-nav__top-nav__group hig__global-nav__top-nav__group--left\\">
    <div class=\\"hig__global-nav__top-nav__hamburger\\">
      <div class=\\"hig__global-nav__top-nav__hamburger__hamburgericon\\"><div class=\\"hig__icon\\"><svg width=\\"16\\" height=\\"12\\" viewBox=\\"0 0 16 12\\" xmlns=\\"http://www.w3.org/2000/svg\\" role=\\"img\\" title=\\"hamburger\\"><g transform=\\"translate(-4 -6)\\" fill=\\"#353636\\" fill-rule=\\"evenodd\\"><rect x=\\"4\\" y=\\"6\\" width=\\"16\\" height=\\"2\\"></rect><rect x=\\"4\\" y=\\"11\\" width=\\"16\\" height=\\"2\\"></rect><rect x=\\"4\\" y=\\"16\\" width=\\"16\\" height=\\"2\\"></rect></g></svg></div></div>
      <div class=\\"hig__global-nav__top-nav__hamburger__closeicon\\"><div class=\\"hig__icon\\"><svg width=\\"18\\" height=\\"18\\" viewBox=\\"0 0 18 18\\" xmlns=\\"http://www.w3.org/2000/svg\\" role=\\"img\\" title=\\"close-hamburger\\"><g stroke=\\"#0A131C\\" stroke-width=\\"2\\" fill=\\"none\\" fill-rule=\\"evenodd\\" stroke-linecap=\\"square\\"><path d=\\"M18.754628,5.24537196 L5.24537196,18.754628\\" transform=\\"translate(-3 -3)\\"></path><path d=\\"M5.24537196,5.24537196 L18.754628,18.754628\\" transform=\\"translate(-3 -3)\\"></path></g></svg></div></div>
    </div>
    <div class=\\"hig__global-nav__top-nav__logo\\">
      <a>
        <img src=\\"\\">
      </a>
    </div>
  </div>
  <!--SEARCH-->
  <div class=\\"hig__global-nav__top-nav__spacer\\"></div>
  <!--PROJECT_ACCOUNT_SWITCHER-->
  <div class=\\"hig__global-nav__top-nav__group hig__global-nav__top-nav__group--right\\">
  <!--SHORTCUT-->
  </div>
  <div class=\\"hig__global-nav__profile\\">
    <div class=\\"hig__global-nav__top-nav__group hig__global-nav__top-nav__group--right\\">
        <!--FLYOUT-->
    <div class=\\"hig__flyout hig__flyout--anchor-top-right\\">
    <div class=\\"hig__global-nav__top-nav__profile__profile-image\\">
    <img class=\\"hig__global-nav__top-nav__profile__profile-image__image\\" src=\\"/images/foo.jpg\\">
</div><!--TARGET-->
    <div class=\\"hig__flyout__container\\">
        <div class=\\"hig__flyout__chevron\\"></div>
        <div class=\\"hig__flyout__panel\\">
            <div class=\\"hig__global-nav__top-nav__profile__profile-flyout-content\\">
    <div class=\\"hig__global-nav__top-nav__profile__profile-flyout-content__name\\">name</div>
    <div class=\\"hig__global-nav__top-nav__profile__profile-flyout-content__email\\">email@example.com</div>
    <div class=\\"hig__global-nav__top-nav__profile__profile-flyout-content__links\\">
        <a href=\\"#\\" tabindex=\\"0\\" class=\\"hig__button hig__button--secondary hig__button--small\\" title=\\"Sign Out\\">
    <!--ICON-->
    <span class=\\"hig__button__title\\">Sign Out</span>
</a><!--SIGN_OUT_BUTTON-->
        <a href=\\"https://www.autodesk.com\\" tabindex=\\"0\\" class=\\"hig__button hig__button--secondary hig__button--small\\" title=\\"Profile Settings\\">
    <!--ICON-->
    <span class=\\"hig__button__title\\">Profile Settings</span>
</a><!--SETTINGS_LINK-->
    </div>
</div><!--SLOT-->
        </div>
    </div>
</div></div>
</div><!--PROFILE-->
</div><!--TOPNAV-->
        <!--SUBNAV-->
        <div class=\\"hig__global-nav__slot\\">
            <!--SLOT-->
        </div>
    </div>
</div>"
`;

exports[`<Profile> setting and updating props can set props for name 1`] = `
"<div class=\\"hig__global-nav\\">
    <!--SIDENAV-->
    <div class=\\"hig__global-nav__container\\">
        <div class=\\"hig__global-nav__top-nav\\">
  <div class=\\"hig__global-nav__top-nav__group hig__global-nav__top-nav__group--left\\">
    <div class=\\"hig__global-nav__top-nav__hamburger\\">
      <div class=\\"hig__global-nav__top-nav__hamburger__hamburgericon\\"><div class=\\"hig__icon\\"><svg width=\\"16\\" height=\\"12\\" viewBox=\\"0 0 16 12\\" xmlns=\\"http://www.w3.org/2000/svg\\" role=\\"img\\" title=\\"hamburger\\"><g transform=\\"translate(-4 -6)\\" fill=\\"#353636\\" fill-rule=\\"evenodd\\"><rect x=\\"4\\" y=\\"6\\" width=\\"16\\" height=\\"2\\"></rect><rect x=\\"4\\" y=\\"11\\" width=\\"16\\" height=\\"2\\"></rect><rect x=\\"4\\" y=\\"16\\" width=\\"16\\" height=\\"2\\"></rect></g></svg></div></div>
      <div class=\\"hig__global-nav__top-nav__hamburger__closeicon\\"><div class=\\"hig__icon\\"><svg width=\\"18\\" height=\\"18\\" viewBox=\\"0 0 18 18\\" xmlns=\\"http://www.w3.org/2000/svg\\" role=\\"img\\" title=\\"close-hamburger\\"><g stroke=\\"#0A131C\\" stroke-width=\\"2\\" fill=\\"none\\" fill-rule=\\"evenodd\\" stroke-linecap=\\"square\\"><path d=\\"M18.754628,5.24537196 L5.24537196,18.754628\\" transform=\\"translate(-3 -3)\\"></path><path d=\\"M5.24537196,5.24537196 L18.754628,18.754628\\" transform=\\"translate(-3 -3)\\"></path></g></svg></div></div>
    </div>
    <div class=\\"hig__global-nav__top-nav__logo\\">
      <a>
        <img src=\\"\\">
      </a>
    </div>
  </div>
  <!--SEARCH-->
  <div class=\\"hig__global-nav__top-nav__spacer\\"></div>
  <!--PROJECT_ACCOUNT_SWITCHER-->
  <div class=\\"hig__global-nav__top-nav__group hig__global-nav__top-nav__group--right\\">
  <!--SHORTCUT-->
  </div>
  <div class=\\"hig__global-nav__profile\\">
    <div class=\\"hig__global-nav__top-nav__group hig__global-nav__top-nav__group--right\\">
        <!--FLYOUT-->
    <div class=\\"hig__flyout hig__flyout--anchor-top-right\\">
    <div class=\\"hig__global-nav__top-nav__profile__profile-image\\">
    <img class=\\"hig__global-nav__top-nav__profile__profile-image__image\\" src=\\"https://placekitten.com/g/50/50\\">
</div><!--TARGET-->
    <div class=\\"hig__flyout__container\\">
        <div class=\\"hig__flyout__chevron\\"></div>
        <div class=\\"hig__flyout__panel\\">
            <div class=\\"hig__global-nav__top-nav__profile__profile-flyout-content\\">
    <div class=\\"hig__global-nav__top-nav__profile__profile-flyout-content__name\\">Hello Kitty</div>
    <div class=\\"hig__global-nav__top-nav__profile__profile-flyout-content__email\\">email@example.com</div>
    <div class=\\"hig__global-nav__top-nav__profile__profile-flyout-content__links\\">
        <a href=\\"#\\" tabindex=\\"0\\" class=\\"hig__button hig__button--secondary hig__button--small\\" title=\\"Sign Out\\">
    <!--ICON-->
    <span class=\\"hig__button__title\\">Sign Out</span>
</a><!--SIGN_OUT_BUTTON-->
        <a href=\\"https://www.autodesk.com\\" tabindex=\\"0\\" class=\\"hig__button hig__button--secondary hig__button--small\\" title=\\"Profile Settings\\">
    <!--ICON-->
    <span class=\\"hig__button__title\\">Profile Settings</span>
</a><!--SETTINGS_LINK-->
    </div>
</div><!--SLOT-->
        </div>
    </div>
</div></div>
</div><!--PROFILE-->
</div><!--TOPNAV-->
        <!--SUBNAV-->
        <div class=\\"hig__global-nav__slot\\">
            <!--SLOT-->
        </div>
    </div>
</div>"
`;

exports[`<Profile> setting and updating props can set props for profileSettingsLabel 1`] = `
"<div class=\\"hig__global-nav\\">
    <!--SIDENAV-->
    <div class=\\"hig__global-nav__container\\">
        <div class=\\"hig__global-nav__top-nav\\">
  <div class=\\"hig__global-nav__top-nav__group hig__global-nav__top-nav__group--left\\">
    <div class=\\"hig__global-nav__top-nav__hamburger\\">
      <div class=\\"hig__global-nav__top-nav__hamburger__hamburgericon\\"><div class=\\"hig__icon\\"><svg width=\\"16\\" height=\\"12\\" viewBox=\\"0 0 16 12\\" xmlns=\\"http://www.w3.org/2000/svg\\" role=\\"img\\" title=\\"hamburger\\"><g transform=\\"translate(-4 -6)\\" fill=\\"#353636\\" fill-rule=\\"evenodd\\"><rect x=\\"4\\" y=\\"6\\" width=\\"16\\" height=\\"2\\"></rect><rect x=\\"4\\" y=\\"11\\" width=\\"16\\" height=\\"2\\"></rect><rect x=\\"4\\" y=\\"16\\" width=\\"16\\" height=\\"2\\"></rect></g></svg></div></div>
      <div class=\\"hig__global-nav__top-nav__hamburger__closeicon\\"><div class=\\"hig__icon\\"><svg width=\\"18\\" height=\\"18\\" viewBox=\\"0 0 18 18\\" xmlns=\\"http://www.w3.org/2000/svg\\" role=\\"img\\" title=\\"close-hamburger\\"><g stroke=\\"#0A131C\\" stroke-width=\\"2\\" fill=\\"none\\" fill-rule=\\"evenodd\\" stroke-linecap=\\"square\\"><path d=\\"M18.754628,5.24537196 L5.24537196,18.754628\\" transform=\\"translate(-3 -3)\\"></path><path d=\\"M5.24537196,5.24537196 L18.754628,18.754628\\" transform=\\"translate(-3 -3)\\"></path></g></svg></div></div>
    </div>
    <div class=\\"hig__global-nav__top-nav__logo\\">
      <a>
        <img src=\\"\\">
      </a>
    </div>
  </div>
  <!--SEARCH-->
  <div class=\\"hig__global-nav__top-nav__spacer\\"></div>
  <!--PROJECT_ACCOUNT_SWITCHER-->
  <div class=\\"hig__global-nav__top-nav__group hig__global-nav__top-nav__group--right\\">
  <!--SHORTCUT-->
  </div>
  <div class=\\"hig__global-nav__profile\\">
    <div class=\\"hig__global-nav__top-nav__group hig__global-nav__top-nav__group--right\\">
        <!--FLYOUT-->
    <div class=\\"hig__flyout hig__flyout--anchor-top-right\\">
    <div class=\\"hig__global-nav__top-nav__profile__profile-image\\">
    <img class=\\"hig__global-nav__top-nav__profile__profile-image__image\\" src=\\"https://placekitten.com/g/50/50\\">
</div><!--TARGET-->
    <div class=\\"hig__flyout__container\\">
        <div class=\\"hig__flyout__chevron\\"></div>
        <div class=\\"hig__flyout__panel\\">
            <div class=\\"hig__global-nav__top-nav__profile__profile-flyout-content\\">
    <div class=\\"hig__global-nav__top-nav__profile__profile-flyout-content__name\\">name</div>
    <div class=\\"hig__global-nav__top-nav__profile__profile-flyout-content__email\\">email@example.com</div>
    <div class=\\"hig__global-nav__top-nav__profile__profile-flyout-content__links\\">
        <a href=\\"#\\" tabindex=\\"0\\" class=\\"hig__button hig__button--secondary hig__button--small\\" title=\\"Sign Out\\">
    <!--ICON-->
    <span class=\\"hig__button__title\\">Sign Out</span>
</a><!--SIGN_OUT_BUTTON-->
        <a href=\\"https://www.autodesk.com\\" tabindex=\\"0\\" class=\\"hig__button hig__button--secondary hig__button--small\\" title=\\"Settings\\">
    <!--ICON-->
    <span class=\\"hig__button__title\\">Settings</span>
</a><!--SETTINGS_LINK-->
    </div>
</div><!--SLOT-->
        </div>
    </div>
</div></div>
</div><!--PROFILE-->
</div><!--TOPNAV-->
        <!--SUBNAV-->
        <div class=\\"hig__global-nav__slot\\">
            <!--SLOT-->
        </div>
    </div>
</div>"
`;

exports[`<Profile> setting and updating props can set props for profileSettingsLink 1`] = `
"<div class=\\"hig__global-nav\\">
    <!--SIDENAV-->
    <div class=\\"hig__global-nav__container\\">
        <div class=\\"hig__global-nav__top-nav\\">
  <div class=\\"hig__global-nav__top-nav__group hig__global-nav__top-nav__group--left\\">
    <div class=\\"hig__global-nav__top-nav__hamburger\\">
      <div class=\\"hig__global-nav__top-nav__hamburger__hamburgericon\\"><div class=\\"hig__icon\\"><svg width=\\"16\\" height=\\"12\\" viewBox=\\"0 0 16 12\\" xmlns=\\"http://www.w3.org/2000/svg\\" role=\\"img\\" title=\\"hamburger\\"><g transform=\\"translate(-4 -6)\\" fill=\\"#353636\\" fill-rule=\\"evenodd\\"><rect x=\\"4\\" y=\\"6\\" width=\\"16\\" height=\\"2\\"></rect><rect x=\\"4\\" y=\\"11\\" width=\\"16\\" height=\\"2\\"></rect><rect x=\\"4\\" y=\\"16\\" width=\\"16\\" height=\\"2\\"></rect></g></svg></div></div>
      <div class=\\"hig__global-nav__top-nav__hamburger__closeicon\\"><div class=\\"hig__icon\\"><svg width=\\"18\\" height=\\"18\\" viewBox=\\"0 0 18 18\\" xmlns=\\"http://www.w3.org/2000/svg\\" role=\\"img\\" title=\\"close-hamburger\\"><g stroke=\\"#0A131C\\" stroke-width=\\"2\\" fill=\\"none\\" fill-rule=\\"evenodd\\" stroke-linecap=\\"square\\"><path d=\\"M18.754628,5.24537196 L5.24537196,18.754628\\" transform=\\"translate(-3 -3)\\"></path><path d=\\"M5.24537196,5.24537196 L18.754628,18.754628\\" transform=\\"translate(-3 -3)\\"></path></g></svg></div></div>
    </div>
    <div class=\\"hig__global-nav__top-nav__logo\\">
      <a>
        <img src=\\"\\">
      </a>
    </div>
  </div>
  <!--SEARCH-->
  <div class=\\"hig__global-nav__top-nav__spacer\\"></div>
  <!--PROJECT_ACCOUNT_SWITCHER-->
  <div class=\\"hig__global-nav__top-nav__group hig__global-nav__top-nav__group--right\\">
  <!--SHORTCUT-->
  </div>
  <div class=\\"hig__global-nav__profile\\">
    <div class=\\"hig__global-nav__top-nav__group hig__global-nav__top-nav__group--right\\">
        <!--FLYOUT-->
    <div class=\\"hig__flyout hig__flyout--anchor-top-right\\">
    <div class=\\"hig__global-nav__top-nav__profile__profile-image\\">
    <img class=\\"hig__global-nav__top-nav__profile__profile-image__image\\" src=\\"https://placekitten.com/g/50/50\\">
</div><!--TARGET-->
    <div class=\\"hig__flyout__container\\">
        <div class=\\"hig__flyout__chevron\\"></div>
        <div class=\\"hig__flyout__panel\\">
            <div class=\\"hig__global-nav__top-nav__profile__profile-flyout-content\\">
    <div class=\\"hig__global-nav__top-nav__profile__profile-flyout-content__name\\">name</div>
    <div class=\\"hig__global-nav__top-nav__profile__profile-flyout-content__email\\">email@example.com</div>
    <div class=\\"hig__global-nav__top-nav__profile__profile-flyout-content__links\\">
        <a href=\\"#\\" tabindex=\\"0\\" class=\\"hig__button hig__button--secondary hig__button--small\\" title=\\"Sign Out\\">
    <!--ICON-->
    <span class=\\"hig__button__title\\">Sign Out</span>
</a><!--SIGN_OUT_BUTTON-->
        <a href=\\"http://www.google.com\\" tabindex=\\"0\\" class=\\"hig__button hig__button--secondary hig__button--small\\" title=\\"Profile Settings\\">
    <!--ICON-->
    <span class=\\"hig__button__title\\">Profile Settings</span>
</a><!--SETTINGS_LINK-->
    </div>
</div><!--SLOT-->
        </div>
    </div>
</div></div>
</div><!--PROFILE-->
</div><!--TOPNAV-->
        <!--SUBNAV-->
        <div class=\\"hig__global-nav__slot\\">
            <!--SLOT-->
        </div>
    </div>
</div>"
`;

exports[`<Profile> setting and updating props can set props for signOutLabel 1`] = `
"<div class=\\"hig__global-nav\\">
    <!--SIDENAV-->
    <div class=\\"hig__global-nav__container\\">
        <div class=\\"hig__global-nav__top-nav\\">
  <div class=\\"hig__global-nav__top-nav__group hig__global-nav__top-nav__group--left\\">
    <div class=\\"hig__global-nav__top-nav__hamburger\\">
      <div class=\\"hig__global-nav__top-nav__hamburger__hamburgericon\\"><div class=\\"hig__icon\\"><svg width=\\"16\\" height=\\"12\\" viewBox=\\"0 0 16 12\\" xmlns=\\"http://www.w3.org/2000/svg\\" role=\\"img\\" title=\\"hamburger\\"><g transform=\\"translate(-4 -6)\\" fill=\\"#353636\\" fill-rule=\\"evenodd\\"><rect x=\\"4\\" y=\\"6\\" width=\\"16\\" height=\\"2\\"></rect><rect x=\\"4\\" y=\\"11\\" width=\\"16\\" height=\\"2\\"></rect><rect x=\\"4\\" y=\\"16\\" width=\\"16\\" height=\\"2\\"></rect></g></svg></div></div>
      <div class=\\"hig__global-nav__top-nav__hamburger__closeicon\\"><div class=\\"hig__icon\\"><svg width=\\"18\\" height=\\"18\\" viewBox=\\"0 0 18 18\\" xmlns=\\"http://www.w3.org/2000/svg\\" role=\\"img\\" title=\\"close-hamburger\\"><g stroke=\\"#0A131C\\" stroke-width=\\"2\\" fill=\\"none\\" fill-rule=\\"evenodd\\" stroke-linecap=\\"square\\"><path d=\\"M18.754628,5.24537196 L5.24537196,18.754628\\" transform=\\"translate(-3 -3)\\"></path><path d=\\"M5.24537196,5.24537196 L18.754628,18.754628\\" transform=\\"translate(-3 -3)\\"></path></g></svg></div></div>
    </div>
    <div class=\\"hig__global-nav__top-nav__logo\\">
      <a>
        <img src=\\"\\">
      </a>
    </div>
  </div>
  <!--SEARCH-->
  <div class=\\"hig__global-nav__top-nav__spacer\\"></div>
  <!--PROJECT_ACCOUNT_SWITCHER-->
  <div class=\\"hig__global-nav__top-nav__group hig__global-nav__top-nav__group--right\\">
  <!--SHORTCUT-->
  </div>
  <div class=\\"hig__global-nav__profile\\">
    <div class=\\"hig__global-nav__top-nav__group hig__global-nav__top-nav__group--right\\">
        <!--FLYOUT-->
    <div class=\\"hig__flyout hig__flyout--anchor-top-right\\">
    <div class=\\"hig__global-nav__top-nav__profile__profile-image\\">
    <img class=\\"hig__global-nav__top-nav__profile__profile-image__image\\" src=\\"https://placekitten.com/g/50/50\\">
</div><!--TARGET-->
    <div class=\\"hig__flyout__container\\">
        <div class=\\"hig__flyout__chevron\\"></div>
        <div class=\\"hig__flyout__panel\\">
            <div class=\\"hig__global-nav__top-nav__profile__profile-flyout-content\\">
    <div class=\\"hig__global-nav__top-nav__profile__profile-flyout-content__name\\">name</div>
    <div class=\\"hig__global-nav__top-nav__profile__profile-flyout-content__email\\">email@example.com</div>
    <div class=\\"hig__global-nav__top-nav__profile__profile-flyout-content__links\\">
        <a href=\\"#\\" tabindex=\\"0\\" class=\\"hig__button hig__button--secondary hig__button--small\\" title=\\"Logout\\">
    <!--ICON-->
    <span class=\\"hig__button__title\\">Logout</span>
</a><!--SIGN_OUT_BUTTON-->
        <a href=\\"https://www.autodesk.com\\" tabindex=\\"0\\" class=\\"hig__button hig__button--secondary hig__button--small\\" title=\\"Profile Settings\\">
    <!--ICON-->
    <span class=\\"hig__button__title\\">Profile Settings</span>
</a><!--SETTINGS_LINK-->
    </div>
</div><!--SLOT-->
        </div>
    </div>
</div></div>
</div><!--PROFILE-->
</div><!--TOPNAV-->
        <!--SUBNAV-->
        <div class=\\"hig__global-nav__slot\\">
            <!--SLOT-->
        </div>
    </div>
</div>"
`;

exports[`<Profile> setting and updating props can set props for signOutLink 1`] = `
"<div class=\\"hig__global-nav\\">
    <!--SIDENAV-->
    <div class=\\"hig__global-nav__container\\">
        <div class=\\"hig__global-nav__top-nav\\">
  <div class=\\"hig__global-nav__top-nav__group hig__global-nav__top-nav__group--left\\">
    <div class=\\"hig__global-nav__top-nav__hamburger\\">
      <div class=\\"hig__global-nav__top-nav__hamburger__hamburgericon\\"><div class=\\"hig__icon\\"><svg width=\\"16\\" height=\\"12\\" viewBox=\\"0 0 16 12\\" xmlns=\\"http://www.w3.org/2000/svg\\" role=\\"img\\" title=\\"hamburger\\"><g transform=\\"translate(-4 -6)\\" fill=\\"#353636\\" fill-rule=\\"evenodd\\"><rect x=\\"4\\" y=\\"6\\" width=\\"16\\" height=\\"2\\"></rect><rect x=\\"4\\" y=\\"11\\" width=\\"16\\" height=\\"2\\"></rect><rect x=\\"4\\" y=\\"16\\" width=\\"16\\" height=\\"2\\"></rect></g></svg></div></div>
      <div class=\\"hig__global-nav__top-nav__hamburger__closeicon\\"><div class=\\"hig__icon\\"><svg width=\\"18\\" height=\\"18\\" viewBox=\\"0 0 18 18\\" xmlns=\\"http://www.w3.org/2000/svg\\" role=\\"img\\" title=\\"close-hamburger\\"><g stroke=\\"#0A131C\\" stroke-width=\\"2\\" fill=\\"none\\" fill-rule=\\"evenodd\\" stroke-linecap=\\"square\\"><path d=\\"M18.754628,5.24537196 L5.24537196,18.754628\\" transform=\\"translate(-3 -3)\\"></path><path d=\\"M5.24537196,5.24537196 L18.754628,18.754628\\" transform=\\"translate(-3 -3)\\"></path></g></svg></div></div>
    </div>
    <div class=\\"hig__global-nav__top-nav__logo\\">
      <a>
        <img src=\\"\\">
      </a>
    </div>
  </div>
  <!--SEARCH-->
  <div class=\\"hig__global-nav__top-nav__spacer\\"></div>
  <!--PROJECT_ACCOUNT_SWITCHER-->
  <div class=\\"hig__global-nav__top-nav__group hig__global-nav__top-nav__group--right\\">
  <!--SHORTCUT-->
  </div>
  <div class=\\"hig__global-nav__profile\\">
    <div class=\\"hig__global-nav__top-nav__group hig__global-nav__top-nav__group--right\\">
        <!--FLYOUT-->
    <div class=\\"hig__flyout hig__flyout--anchor-top-right\\">
    <div class=\\"hig__global-nav__top-nav__profile__profile-image\\">
    <img class=\\"hig__global-nav__top-nav__profile__profile-image__image\\" src=\\"https://placekitten.com/g/50/50\\">
</div><!--TARGET-->
    <div class=\\"hig__flyout__container\\">
        <div class=\\"hig__flyout__chevron\\"></div>
        <div class=\\"hig__flyout__panel\\">
            <div class=\\"hig__global-nav__top-nav__profile__profile-flyout-content\\">
    <div class=\\"hig__global-nav__top-nav__profile__profile-flyout-content__name\\">name</div>
    <div class=\\"hig__global-nav__top-nav__profile__profile-flyout-content__email\\">email@example.com</div>
    <div class=\\"hig__global-nav__top-nav__profile__profile-flyout-content__links\\">
        <a href=\\"/signout\\" tabindex=\\"0\\" class=\\"hig__button hig__button--secondary hig__button--small\\" title=\\"Sign Out\\">
    <!--ICON-->
    <span class=\\"hig__button__title\\">Sign Out</span>
</a><!--SIGN_OUT_BUTTON-->
        <a href=\\"https://www.autodesk.com\\" tabindex=\\"0\\" class=\\"hig__button hig__button--secondary hig__button--small\\" title=\\"Profile Settings\\">
    <!--ICON-->
    <span class=\\"hig__button__title\\">Profile Settings</span>
</a><!--SETTINGS_LINK-->
    </div>
</div><!--SLOT-->
        </div>
    </div>
</div></div>
</div><!--PROFILE-->
</div><!--TOPNAV-->
        <!--SUBNAV-->
        <div class=\\"hig__global-nav__slot\\">
            <!--SLOT-->
        </div>
    </div>
</div>"
`;

exports[`<Profile> setting and updating props can update props for email 1`] = `
"<div class=\\"hig__global-nav\\">
    <!--SIDENAV-->
    <div class=\\"hig__global-nav__container\\">
        <div class=\\"hig__global-nav__top-nav\\">
  <div class=\\"hig__global-nav__top-nav__group hig__global-nav__top-nav__group--left\\">
    <div class=\\"hig__global-nav__top-nav__hamburger\\">
      <div class=\\"hig__global-nav__top-nav__hamburger__hamburgericon\\"><div class=\\"hig__icon\\"><svg width=\\"16\\" height=\\"12\\" viewBox=\\"0 0 16 12\\" xmlns=\\"http://www.w3.org/2000/svg\\" role=\\"img\\" title=\\"hamburger\\"><g transform=\\"translate(-4 -6)\\" fill=\\"#353636\\" fill-rule=\\"evenodd\\"><rect x=\\"4\\" y=\\"6\\" width=\\"16\\" height=\\"2\\"></rect><rect x=\\"4\\" y=\\"11\\" width=\\"16\\" height=\\"2\\"></rect><rect x=\\"4\\" y=\\"16\\" width=\\"16\\" height=\\"2\\"></rect></g></svg></div></div>
      <div class=\\"hig__global-nav__top-nav__hamburger__closeicon\\"><div class=\\"hig__icon\\"><svg width=\\"18\\" height=\\"18\\" viewBox=\\"0 0 18 18\\" xmlns=\\"http://www.w3.org/2000/svg\\" role=\\"img\\" title=\\"close-hamburger\\"><g stroke=\\"#0A131C\\" stroke-width=\\"2\\" fill=\\"none\\" fill-rule=\\"evenodd\\" stroke-linecap=\\"square\\"><path d=\\"M18.754628,5.24537196 L5.24537196,18.754628\\" transform=\\"translate(-3 -3)\\"></path><path d=\\"M5.24537196,5.24537196 L18.754628,18.754628\\" transform=\\"translate(-3 -3)\\"></path></g></svg></div></div>
    </div>
    <div class=\\"hig__global-nav__top-nav__logo\\">
      <a>
        <img src=\\"\\">
      </a>
    </div>
  </div>
  <!--SEARCH-->
  <div class=\\"hig__global-nav__top-nav__spacer\\"></div>
  <!--PROJECT_ACCOUNT_SWITCHER-->
  <div class=\\"hig__global-nav__top-nav__group hig__global-nav__top-nav__group--right\\">
  <!--SHORTCUT-->
  </div>
  <div class=\\"hig__global-nav__profile\\">
    <div class=\\"hig__global-nav__top-nav__group hig__global-nav__top-nav__group--right\\">
        <!--FLYOUT-->
    <div class=\\"hig__flyout hig__flyout--anchor-top-right\\">
    <div class=\\"hig__global-nav__top-nav__profile__profile-image\\">
    <img class=\\"hig__global-nav__top-nav__profile__profile-image__image\\" src=\\"https://placekitten.com/g/50/50\\">
</div><!--TARGET-->
    <div class=\\"hig__flyout__container\\">
        <div class=\\"hig__flyout__chevron\\"></div>
        <div class=\\"hig__flyout__panel\\">
            <div class=\\"hig__global-nav__top-nav__profile__profile-flyout-content\\">
    <div class=\\"hig__global-nav__top-nav__profile__profile-flyout-content__name\\">name</div>
    <div class=\\"hig__global-nav__top-nav__profile__profile-flyout-content__email\\" title=\\"hellokitty@example.com\\">hellokitty@example.com</div>
    <div class=\\"hig__global-nav__top-nav__profile__profile-flyout-content__links\\">
        <a href=\\"#\\" tabindex=\\"0\\" class=\\"hig__button hig__button--secondary hig__button--small\\" title=\\"Sign Out\\">
    <!--ICON-->
    <span class=\\"hig__button__title\\">Sign Out</span>
</a><!--SIGN_OUT_BUTTON-->
        <a href=\\"https://www.autodesk.com\\" tabindex=\\"0\\" class=\\"hig__button hig__button--secondary hig__button--small\\" title=\\"Profile Settings\\">
    <!--ICON-->
    <span class=\\"hig__button__title\\">Profile Settings</span>
</a><!--SETTINGS_LINK-->
    </div>
</div><!--SLOT-->
        </div>
    </div>
</div></div>
</div><!--PROFILE-->
</div><!--TOPNAV-->
        <!--SUBNAV-->
        <div class=\\"hig__global-nav__slot\\">
            <!--SLOT-->
        </div>
    </div>
</div>"
`;

exports[`<Profile> setting and updating props can update props for image 1`] = `
"<div class=\\"hig__global-nav\\">
    <!--SIDENAV-->
    <div class=\\"hig__global-nav__container\\">
        <div class=\\"hig__global-nav__top-nav\\">
  <div class=\\"hig__global-nav__top-nav__group hig__global-nav__top-nav__group--left\\">
    <div class=\\"hig__global-nav__top-nav__hamburger\\">
      <div class=\\"hig__global-nav__top-nav__hamburger__hamburgericon\\"><div class=\\"hig__icon\\"><svg width=\\"16\\" height=\\"12\\" viewBox=\\"0 0 16 12\\" xmlns=\\"http://www.w3.org/2000/svg\\" role=\\"img\\" title=\\"hamburger\\"><g transform=\\"translate(-4 -6)\\" fill=\\"#353636\\" fill-rule=\\"evenodd\\"><rect x=\\"4\\" y=\\"6\\" width=\\"16\\" height=\\"2\\"></rect><rect x=\\"4\\" y=\\"11\\" width=\\"16\\" height=\\"2\\"></rect><rect x=\\"4\\" y=\\"16\\" width=\\"16\\" height=\\"2\\"></rect></g></svg></div></div>
      <div class=\\"hig__global-nav__top-nav__hamburger__closeicon\\"><div class=\\"hig__icon\\"><svg width=\\"18\\" height=\\"18\\" viewBox=\\"0 0 18 18\\" xmlns=\\"http://www.w3.org/2000/svg\\" role=\\"img\\" title=\\"close-hamburger\\"><g stroke=\\"#0A131C\\" stroke-width=\\"2\\" fill=\\"none\\" fill-rule=\\"evenodd\\" stroke-linecap=\\"square\\"><path d=\\"M18.754628,5.24537196 L5.24537196,18.754628\\" transform=\\"translate(-3 -3)\\"></path><path d=\\"M5.24537196,5.24537196 L18.754628,18.754628\\" transform=\\"translate(-3 -3)\\"></path></g></svg></div></div>
    </div>
    <div class=\\"hig__global-nav__top-nav__logo\\">
      <a>
        <img src=\\"\\">
      </a>
    </div>
  </div>
  <!--SEARCH-->
  <div class=\\"hig__global-nav__top-nav__spacer\\"></div>
  <!--PROJECT_ACCOUNT_SWITCHER-->
  <div class=\\"hig__global-nav__top-nav__group hig__global-nav__top-nav__group--right\\">
  <!--SHORTCUT-->
  </div>
  <div class=\\"hig__global-nav__profile\\">
    <div class=\\"hig__global-nav__top-nav__group hig__global-nav__top-nav__group--right\\">
        <!--FLYOUT-->
    <div class=\\"hig__flyout hig__flyout--anchor-top-right\\">
    <div class=\\"hig__global-nav__top-nav__profile__profile-image\\">
    <img class=\\"hig__global-nav__top-nav__profile__profile-image__image\\" src=\\"/images/BAR.PNG\\">
</div><!--TARGET-->
    <div class=\\"hig__flyout__container\\">
        <div class=\\"hig__flyout__chevron\\"></div>
        <div class=\\"hig__flyout__panel\\">
            <div class=\\"hig__global-nav__top-nav__profile__profile-flyout-content\\">
    <div class=\\"hig__global-nav__top-nav__profile__profile-flyout-content__name\\">name</div>
    <div class=\\"hig__global-nav__top-nav__profile__profile-flyout-content__email\\">email@example.com</div>
    <div class=\\"hig__global-nav__top-nav__profile__profile-flyout-content__links\\">
        <a href=\\"#\\" tabindex=\\"0\\" class=\\"hig__button hig__button--secondary hig__button--small\\" title=\\"Sign Out\\">
    <!--ICON-->
    <span class=\\"hig__button__title\\">Sign Out</span>
</a><!--SIGN_OUT_BUTTON-->
        <a href=\\"https://www.autodesk.com\\" tabindex=\\"0\\" class=\\"hig__button hig__button--secondary hig__button--small\\" title=\\"Profile Settings\\">
    <!--ICON-->
    <span class=\\"hig__button__title\\">Profile Settings</span>
</a><!--SETTINGS_LINK-->
    </div>
</div><!--SLOT-->
        </div>
    </div>
</div></div>
</div><!--PROFILE-->
</div><!--TOPNAV-->
        <!--SUBNAV-->
        <div class=\\"hig__global-nav__slot\\">
            <!--SLOT-->
        </div>
    </div>
</div>"
`;

exports[`<Profile> setting and updating props can update props for name 1`] = `
"<div class=\\"hig__global-nav\\">
    <!--SIDENAV-->
    <div class=\\"hig__global-nav__container\\">
        <div class=\\"hig__global-nav__top-nav\\">
  <div class=\\"hig__global-nav__top-nav__group hig__global-nav__top-nav__group--left\\">
    <div class=\\"hig__global-nav__top-nav__hamburger\\">
      <div class=\\"hig__global-nav__top-nav__hamburger__hamburgericon\\"><div class=\\"hig__icon\\"><svg width=\\"16\\" height=\\"12\\" viewBox=\\"0 0 16 12\\" xmlns=\\"http://www.w3.org/2000/svg\\" role=\\"img\\" title=\\"hamburger\\"><g transform=\\"translate(-4 -6)\\" fill=\\"#353636\\" fill-rule=\\"evenodd\\"><rect x=\\"4\\" y=\\"6\\" width=\\"16\\" height=\\"2\\"></rect><rect x=\\"4\\" y=\\"11\\" width=\\"16\\" height=\\"2\\"></rect><rect x=\\"4\\" y=\\"16\\" width=\\"16\\" height=\\"2\\"></rect></g></svg></div></div>
      <div class=\\"hig__global-nav__top-nav__hamburger__closeicon\\"><div class=\\"hig__icon\\"><svg width=\\"18\\" height=\\"18\\" viewBox=\\"0 0 18 18\\" xmlns=\\"http://www.w3.org/2000/svg\\" role=\\"img\\" title=\\"close-hamburger\\"><g stroke=\\"#0A131C\\" stroke-width=\\"2\\" fill=\\"none\\" fill-rule=\\"evenodd\\" stroke-linecap=\\"square\\"><path d=\\"M18.754628,5.24537196 L5.24537196,18.754628\\" transform=\\"translate(-3 -3)\\"></path><path d=\\"M5.24537196,5.24537196 L18.754628,18.754628\\" transform=\\"translate(-3 -3)\\"></path></g></svg></div></div>
    </div>
    <div class=\\"hig__global-nav__top-nav__logo\\">
      <a>
        <img src=\\"\\">
      </a>
    </div>
  </div>
  <!--SEARCH-->
  <div class=\\"hig__global-nav__top-nav__spacer\\"></div>
  <!--PROJECT_ACCOUNT_SWITCHER-->
  <div class=\\"hig__global-nav__top-nav__group hig__global-nav__top-nav__group--right\\">
  <!--SHORTCUT-->
  </div>
  <div class=\\"hig__global-nav__profile\\">
    <div class=\\"hig__global-nav__top-nav__group hig__global-nav__top-nav__group--right\\">
        <!--FLYOUT-->
    <div class=\\"hig__flyout hig__flyout--anchor-top-right\\">
    <div class=\\"hig__global-nav__top-nav__profile__profile-image\\">
    <img class=\\"hig__global-nav__top-nav__profile__profile-image__image\\" src=\\"https://placekitten.com/g/50/50\\">
</div><!--TARGET-->
    <div class=\\"hig__flyout__container\\">
        <div class=\\"hig__flyout__chevron\\"></div>
        <div class=\\"hig__flyout__panel\\">
            <div class=\\"hig__global-nav__top-nav__profile__profile-flyout-content\\">
    <div class=\\"hig__global-nav__top-nav__profile__profile-flyout-content__name\\" title=\\"Dear Daniel\\">Dear Daniel</div>
    <div class=\\"hig__global-nav__top-nav__profile__profile-flyout-content__email\\">email@example.com</div>
    <div class=\\"hig__global-nav__top-nav__profile__profile-flyout-content__links\\">
        <a href=\\"#\\" tabindex=\\"0\\" class=\\"hig__button hig__button--secondary hig__button--small\\" title=\\"Sign Out\\">
    <!--ICON-->
    <span class=\\"hig__button__title\\">Sign Out</span>
</a><!--SIGN_OUT_BUTTON-->
        <a href=\\"https://www.autodesk.com\\" tabindex=\\"0\\" class=\\"hig__button hig__button--secondary hig__button--small\\" title=\\"Profile Settings\\">
    <!--ICON-->
    <span class=\\"hig__button__title\\">Profile Settings</span>
</a><!--SETTINGS_LINK-->
    </div>
</div><!--SLOT-->
        </div>
    </div>
</div></div>
</div><!--PROFILE-->
</div><!--TOPNAV-->
        <!--SUBNAV-->
        <div class=\\"hig__global-nav__slot\\">
            <!--SLOT-->
        </div>
    </div>
</div>"
`;

exports[`<Profile> setting and updating props can update props for profileSettingsLabel 1`] = `
"<div class=\\"hig__global-nav\\">
    <!--SIDENAV-->
    <div class=\\"hig__global-nav__container\\">
        <div class=\\"hig__global-nav__top-nav\\">
  <div class=\\"hig__global-nav__top-nav__group hig__global-nav__top-nav__group--left\\">
    <div class=\\"hig__global-nav__top-nav__hamburger\\">
      <div class=\\"hig__global-nav__top-nav__hamburger__hamburgericon\\"><div class=\\"hig__icon\\"><svg width=\\"16\\" height=\\"12\\" viewBox=\\"0 0 16 12\\" xmlns=\\"http://www.w3.org/2000/svg\\" role=\\"img\\" title=\\"hamburger\\"><g transform=\\"translate(-4 -6)\\" fill=\\"#353636\\" fill-rule=\\"evenodd\\"><rect x=\\"4\\" y=\\"6\\" width=\\"16\\" height=\\"2\\"></rect><rect x=\\"4\\" y=\\"11\\" width=\\"16\\" height=\\"2\\"></rect><rect x=\\"4\\" y=\\"16\\" width=\\"16\\" height=\\"2\\"></rect></g></svg></div></div>
      <div class=\\"hig__global-nav__top-nav__hamburger__closeicon\\"><div class=\\"hig__icon\\"><svg width=\\"18\\" height=\\"18\\" viewBox=\\"0 0 18 18\\" xmlns=\\"http://www.w3.org/2000/svg\\" role=\\"img\\" title=\\"close-hamburger\\"><g stroke=\\"#0A131C\\" stroke-width=\\"2\\" fill=\\"none\\" fill-rule=\\"evenodd\\" stroke-linecap=\\"square\\"><path d=\\"M18.754628,5.24537196 L5.24537196,18.754628\\" transform=\\"translate(-3 -3)\\"></path><path d=\\"M5.24537196,5.24537196 L18.754628,18.754628\\" transform=\\"translate(-3 -3)\\"></path></g></svg></div></div>
    </div>
    <div class=\\"hig__global-nav__top-nav__logo\\">
      <a>
        <img src=\\"\\">
      </a>
    </div>
  </div>
  <!--SEARCH-->
  <div class=\\"hig__global-nav__top-nav__spacer\\"></div>
  <!--PROJECT_ACCOUNT_SWITCHER-->
  <div class=\\"hig__global-nav__top-nav__group hig__global-nav__top-nav__group--right\\">
  <!--SHORTCUT-->
  </div>
  <div class=\\"hig__global-nav__profile\\">
    <div class=\\"hig__global-nav__top-nav__group hig__global-nav__top-nav__group--right\\">
        <!--FLYOUT-->
    <div class=\\"hig__flyout hig__flyout--anchor-top-right\\">
    <div class=\\"hig__global-nav__top-nav__profile__profile-image\\">
    <img class=\\"hig__global-nav__top-nav__profile__profile-image__image\\" src=\\"https://placekitten.com/g/50/50\\">
</div><!--TARGET-->
    <div class=\\"hig__flyout__container\\">
        <div class=\\"hig__flyout__chevron\\"></div>
        <div class=\\"hig__flyout__panel\\">
            <div class=\\"hig__global-nav__top-nav__profile__profile-flyout-content\\">
    <div class=\\"hig__global-nav__top-nav__profile__profile-flyout-content__name\\">name</div>
    <div class=\\"hig__global-nav__top-nav__profile__profile-flyout-content__email\\">email@example.com</div>
    <div class=\\"hig__global-nav__top-nav__profile__profile-flyout-content__links\\">
        <a href=\\"#\\" tabindex=\\"0\\" class=\\"hig__button hig__button--secondary hig__button--small\\" title=\\"Sign Out\\">
    <!--ICON-->
    <span class=\\"hig__button__title\\">Sign Out</span>
</a><!--SIGN_OUT_BUTTON-->
        <a href=\\"https://www.autodesk.com\\" tabindex=\\"0\\" class=\\"hig__button hig__button--secondary hig__button--small\\" title=\\"Preferences\\">
    <!--ICON-->
    <span class=\\"hig__button__title\\">Preferences</span>
</a><!--SETTINGS_LINK-->
    </div>
</div><!--SLOT-->
        </div>
    </div>
</div></div>
</div><!--PROFILE-->
</div><!--TOPNAV-->
        <!--SUBNAV-->
        <div class=\\"hig__global-nav__slot\\">
            <!--SLOT-->
        </div>
    </div>
</div>"
`;

exports[`<Profile> setting and updating props can update props for profileSettingsLink 1`] = `
"<div class=\\"hig__global-nav\\">
    <!--SIDENAV-->
    <div class=\\"hig__global-nav__container\\">
        <div class=\\"hig__global-nav__top-nav\\">
  <div class=\\"hig__global-nav__top-nav__group hig__global-nav__top-nav__group--left\\">
    <div class=\\"hig__global-nav__top-nav__hamburger\\">
      <div class=\\"hig__global-nav__top-nav__hamburger__hamburgericon\\"><div class=\\"hig__icon\\"><svg width=\\"16\\" height=\\"12\\" viewBox=\\"0 0 16 12\\" xmlns=\\"http://www.w3.org/2000/svg\\" role=\\"img\\" title=\\"hamburger\\"><g transform=\\"translate(-4 -6)\\" fill=\\"#353636\\" fill-rule=\\"evenodd\\"><rect x=\\"4\\" y=\\"6\\" width=\\"16\\" height=\\"2\\"></rect><rect x=\\"4\\" y=\\"11\\" width=\\"16\\" height=\\"2\\"></rect><rect x=\\"4\\" y=\\"16\\" width=\\"16\\" height=\\"2\\"></rect></g></svg></div></div>
      <div class=\\"hig__global-nav__top-nav__hamburger__closeicon\\"><div class=\\"hig__icon\\"><svg width=\\"18\\" height=\\"18\\" viewBox=\\"0 0 18 18\\" xmlns=\\"http://www.w3.org/2000/svg\\" role=\\"img\\" title=\\"close-hamburger\\"><g stroke=\\"#0A131C\\" stroke-width=\\"2\\" fill=\\"none\\" fill-rule=\\"evenodd\\" stroke-linecap=\\"square\\"><path d=\\"M18.754628,5.24537196 L5.24537196,18.754628\\" transform=\\"translate(-3 -3)\\"></path><path d=\\"M5.24537196,5.24537196 L18.754628,18.754628\\" transform=\\"translate(-3 -3)\\"></path></g></svg></div></div>
    </div>
    <div class=\\"hig__global-nav__top-nav__logo\\">
      <a>
        <img src=\\"\\">
      </a>
    </div>
  </div>
  <!--SEARCH-->
  <div class=\\"hig__global-nav__top-nav__spacer\\"></div>
  <!--PROJECT_ACCOUNT_SWITCHER-->
  <div class=\\"hig__global-nav__top-nav__group hig__global-nav__top-nav__group--right\\">
  <!--SHORTCUT-->
  </div>
  <div class=\\"hig__global-nav__profile\\">
    <div class=\\"hig__global-nav__top-nav__group hig__global-nav__top-nav__group--right\\">
        <!--FLYOUT-->
    <div class=\\"hig__flyout hig__flyout--anchor-top-right\\">
    <div class=\\"hig__global-nav__top-nav__profile__profile-image\\">
    <img class=\\"hig__global-nav__top-nav__profile__profile-image__image\\" src=\\"https://placekitten.com/g/50/50\\">
</div><!--TARGET-->
    <div class=\\"hig__flyout__container\\">
        <div class=\\"hig__flyout__chevron\\"></div>
        <div class=\\"hig__flyout__panel\\">
            <div class=\\"hig__global-nav__top-nav__profile__profile-flyout-content\\">
    <div class=\\"hig__global-nav__top-nav__profile__profile-flyout-content__name\\">name</div>
    <div class=\\"hig__global-nav__top-nav__profile__profile-flyout-content__email\\">email@example.com</div>
    <div class=\\"hig__global-nav__top-nav__profile__profile-flyout-content__links\\">
        <a href=\\"#\\" tabindex=\\"0\\" class=\\"hig__button hig__button--secondary hig__button--small\\" title=\\"Sign Out\\">
    <!--ICON-->
    <span class=\\"hig__button__title\\">Sign Out</span>
</a><!--SIGN_OUT_BUTTON-->
        <a href=\\"http://www.sanrio.com\\" tabindex=\\"0\\" class=\\"hig__button hig__button--secondary hig__button--small\\" title=\\"Profile Settings\\">
    <!--ICON-->
    <span class=\\"hig__button__title\\">Profile Settings</span>
</a><!--SETTINGS_LINK-->
    </div>
</div><!--SLOT-->
        </div>
    </div>
</div></div>
</div><!--PROFILE-->
</div><!--TOPNAV-->
        <!--SUBNAV-->
        <div class=\\"hig__global-nav__slot\\">
            <!--SLOT-->
        </div>
    </div>
</div>"
`;

exports[`<Profile> setting and updating props can update props for signOutLabel 1`] = `
"<div class=\\"hig__global-nav\\">
    <!--SIDENAV-->
    <div class=\\"hig__global-nav__container\\">
        <div class=\\"hig__global-nav__top-nav\\">
  <div class=\\"hig__global-nav__top-nav__group hig__global-nav__top-nav__group--left\\">
    <div class=\\"hig__global-nav__top-nav__hamburger\\">
      <div class=\\"hig__global-nav__top-nav__hamburger__hamburgericon\\"><div class=\\"hig__icon\\"><svg width=\\"16\\" height=\\"12\\" viewBox=\\"0 0 16 12\\" xmlns=\\"http://www.w3.org/2000/svg\\" role=\\"img\\" title=\\"hamburger\\"><g transform=\\"translate(-4 -6)\\" fill=\\"#353636\\" fill-rule=\\"evenodd\\"><rect x=\\"4\\" y=\\"6\\" width=\\"16\\" height=\\"2\\"></rect><rect x=\\"4\\" y=\\"11\\" width=\\"16\\" height=\\"2\\"></rect><rect x=\\"4\\" y=\\"16\\" width=\\"16\\" height=\\"2\\"></rect></g></svg></div></div>
      <div class=\\"hig__global-nav__top-nav__hamburger__closeicon\\"><div class=\\"hig__icon\\"><svg width=\\"18\\" height=\\"18\\" viewBox=\\"0 0 18 18\\" xmlns=\\"http://www.w3.org/2000/svg\\" role=\\"img\\" title=\\"close-hamburger\\"><g stroke=\\"#0A131C\\" stroke-width=\\"2\\" fill=\\"none\\" fill-rule=\\"evenodd\\" stroke-linecap=\\"square\\"><path d=\\"M18.754628,5.24537196 L5.24537196,18.754628\\" transform=\\"translate(-3 -3)\\"></path><path d=\\"M5.24537196,5.24537196 L18.754628,18.754628\\" transform=\\"translate(-3 -3)\\"></path></g></svg></div></div>
    </div>
    <div class=\\"hig__global-nav__top-nav__logo\\">
      <a>
        <img src=\\"\\">
      </a>
    </div>
  </div>
  <!--SEARCH-->
  <div class=\\"hig__global-nav__top-nav__spacer\\"></div>
  <!--PROJECT_ACCOUNT_SWITCHER-->
  <div class=\\"hig__global-nav__top-nav__group hig__global-nav__top-nav__group--right\\">
  <!--SHORTCUT-->
  </div>
  <div class=\\"hig__global-nav__profile\\">
    <div class=\\"hig__global-nav__top-nav__group hig__global-nav__top-nav__group--right\\">
        <!--FLYOUT-->
    <div class=\\"hig__flyout hig__flyout--anchor-top-right\\">
    <div class=\\"hig__global-nav__top-nav__profile__profile-image\\">
    <img class=\\"hig__global-nav__top-nav__profile__profile-image__image\\" src=\\"https://placekitten.com/g/50/50\\">
</div><!--TARGET-->
    <div class=\\"hig__flyout__container\\">
        <div class=\\"hig__flyout__chevron\\"></div>
        <div class=\\"hig__flyout__panel\\">
            <div class=\\"hig__global-nav__top-nav__profile__profile-flyout-content\\">
    <div class=\\"hig__global-nav__top-nav__profile__profile-flyout-content__name\\">name</div>
    <div class=\\"hig__global-nav__top-nav__profile__profile-flyout-content__email\\">email@example.com</div>
    <div class=\\"hig__global-nav__top-nav__profile__profile-flyout-content__links\\">
        <a href=\\"#\\" tabindex=\\"0\\" class=\\"hig__button hig__button--secondary hig__button--small\\" title=\\"Sign Out\\">
    <!--ICON-->
    <span class=\\"hig__button__title\\">Sign Out</span>
</a><!--SIGN_OUT_BUTTON-->
        <a href=\\"https://www.autodesk.com\\" tabindex=\\"0\\" class=\\"hig__button hig__button--secondary hig__button--small\\" title=\\"Profile Settings\\">
    <!--ICON-->
    <span class=\\"hig__button__title\\">Profile Settings</span>
</a><!--SETTINGS_LINK-->
    </div>
</div><!--SLOT-->
        </div>
    </div>
</div></div>
</div><!--PROFILE-->
</div><!--TOPNAV-->
        <!--SUBNAV-->
        <div class=\\"hig__global-nav__slot\\">
            <!--SLOT-->
        </div>
    </div>
</div>"
`;

exports[`<Profile> setting and updating props can update props for signOutLink 1`] = `
"<div class=\\"hig__global-nav\\">
    <!--SIDENAV-->
    <div class=\\"hig__global-nav__container\\">
        <div class=\\"hig__global-nav__top-nav\\">
  <div class=\\"hig__global-nav__top-nav__group hig__global-nav__top-nav__group--left\\">
    <div class=\\"hig__global-nav__top-nav__hamburger\\">
      <div class=\\"hig__global-nav__top-nav__hamburger__hamburgericon\\"><div class=\\"hig__icon\\"><svg width=\\"16\\" height=\\"12\\" viewBox=\\"0 0 16 12\\" xmlns=\\"http://www.w3.org/2000/svg\\" role=\\"img\\" title=\\"hamburger\\"><g transform=\\"translate(-4 -6)\\" fill=\\"#353636\\" fill-rule=\\"evenodd\\"><rect x=\\"4\\" y=\\"6\\" width=\\"16\\" height=\\"2\\"></rect><rect x=\\"4\\" y=\\"11\\" width=\\"16\\" height=\\"2\\"></rect><rect x=\\"4\\" y=\\"16\\" width=\\"16\\" height=\\"2\\"></rect></g></svg></div></div>
      <div class=\\"hig__global-nav__top-nav__hamburger__closeicon\\"><div class=\\"hig__icon\\"><svg width=\\"18\\" height=\\"18\\" viewBox=\\"0 0 18 18\\" xmlns=\\"http://www.w3.org/2000/svg\\" role=\\"img\\" title=\\"close-hamburger\\"><g stroke=\\"#0A131C\\" stroke-width=\\"2\\" fill=\\"none\\" fill-rule=\\"evenodd\\" stroke-linecap=\\"square\\"><path d=\\"M18.754628,5.24537196 L5.24537196,18.754628\\" transform=\\"translate(-3 -3)\\"></path><path d=\\"M5.24537196,5.24537196 L18.754628,18.754628\\" transform=\\"translate(-3 -3)\\"></path></g></svg></div></div>
    </div>
    <div class=\\"hig__global-nav__top-nav__logo\\">
      <a>
        <img src=\\"\\">
      </a>
    </div>
  </div>
  <!--SEARCH-->
  <div class=\\"hig__global-nav__top-nav__spacer\\"></div>
  <!--PROJECT_ACCOUNT_SWITCHER-->
  <div class=\\"hig__global-nav__top-nav__group hig__global-nav__top-nav__group--right\\">
  <!--SHORTCUT-->
  </div>
  <div class=\\"hig__global-nav__profile\\">
    <div class=\\"hig__global-nav__top-nav__group hig__global-nav__top-nav__group--right\\">
        <!--FLYOUT-->
    <div class=\\"hig__flyout hig__flyout--anchor-top-right\\">
    <div class=\\"hig__global-nav__top-nav__profile__profile-image\\">
    <img class=\\"hig__global-nav__top-nav__profile__profile-image__image\\" src=\\"https://placekitten.com/g/50/50\\">
</div><!--TARGET-->
    <div class=\\"hig__flyout__container\\">
        <div class=\\"hig__flyout__chevron\\"></div>
        <div class=\\"hig__flyout__panel\\">
            <div class=\\"hig__global-nav__top-nav__profile__profile-flyout-content\\">
    <div class=\\"hig__global-nav__top-nav__profile__profile-flyout-content__name\\">name</div>
    <div class=\\"hig__global-nav__top-nav__profile__profile-flyout-content__email\\">email@example.com</div>
    <div class=\\"hig__global-nav__top-nav__profile__profile-flyout-content__links\\">
        <a href=\\"http://www.google.com\\" tabindex=\\"0\\" class=\\"hig__button hig__button--secondary hig__button--small\\" title=\\"Sign Out\\">
    <!--ICON-->
    <span class=\\"hig__button__title\\">Sign Out</span>
</a><!--SIGN_OUT_BUTTON-->
        <a href=\\"https://www.autodesk.com\\" tabindex=\\"0\\" class=\\"hig__button hig__button--secondary hig__button--small\\" title=\\"Profile Settings\\">
    <!--ICON-->
    <span class=\\"hig__button__title\\">Profile Settings</span>
</a><!--SETTINGS_LINK-->
    </div>
</div><!--SLOT-->
        </div>
    </div>
</div></div>
</div><!--PROFILE-->
</div><!--TOPNAV-->
        <!--SUBNAV-->
        <div class=\\"hig__global-nav__slot\\">
            <!--SLOT-->
        </div>
    </div>
</div>"
`;
