// Jest Snapshot v1, https://goo.gl/fbAQLP

exports[`<Account> constructor has a good snapshot 1`] = `
"<div class=\\"hig__global-nav\\">
    <!--SIDENAV-->
    <div class=\\"hig__global-nav__container\\">
        <div class=\\"hig__global-nav__top-nav\\">
    <div class=\\"hig__global-nav__top-nav__group hig__global-nav__top-nav__group--left\\">
        <div class=\\"hig__global-nav__top-nav__hamburger\\">
            <div class=\\"hig__global-nav__top-nav__hamburger__hamburgericon\\"><div class=\\"hig__icon\\"><svg width=\\"30\\" height=\\"30\\" viewBox=\\"0 0 30 30\\" xmlns=\\"http://www.w3.org/2000/svg\\" role=\\"img\\" title=\\"hamburger\\"><g transform=\\"translate(-92 -185)\\" fill=\\"none\\" fill-rule=\\"evenodd\\"><rect x=\\"92\\" y=\\"185\\" width=\\"30\\" height=\\"30\\"></rect><path d=\\"M100,195 L115,195 L115,196 L100,196 L100,195 Z M100,200 L115,200 L115,201 L100,201 L100,200 Z M100,205 L115,205 L115,206 L100,206 L100,205 Z\\" fill=\\"#34495E\\"></path></g></svg></div></div>
            <div class=\\"hig__global-nav__top-nav__hamburger__closeicon\\"><div class=\\"hig__icon\\"><svg width=\\"24\\" height=\\"24\\" viewBox=\\"0 0 24 24\\" xmlns=\\"http://www.w3.org/2000/svg\\" role=\\"img\\" title=\\"close-hamburger\\"><title>hig_icon_xclose</title><g fill=\\"#353636\\" fill-rule=\\"evenodd\\"><rect transform=\\"rotate(45 12 12)\\" x=\\"4\\" y=\\"11\\" width=\\"16\\" height=\\"2\\"></rect><rect transform=\\"rotate(-45 12 12)\\" x=\\"4\\" y=\\"11\\" width=\\"16\\" height=\\"2\\"></rect></g></svg></div></div>
        </div>
        <div class=\\"hig__global-nav__top-nav__logo\\">
            <a href=\\"#\\">
                <img src=\\"link\\">
            </a>
        </div>
    </div>
    <!--SEARCH-->
    <div class=\\"hig__global-nav__top-nav__spacer\\"></div>
    <div class=\\"hig__global-nav__top-nav____project-account-switcher\\">
    <div class=\\"hig__flyout\\">
    <div class=\\"hig__global-nav__top-nav__project-account-switcher__target\\">
    <div class=\\"hig__global-nav__top-nav__project-account-switcher__item hig__global-nav__top-nav__project-account-switcher__item--project\\">
    <span class=\\"hig__global-nav__top-nav__project-account-switcher__item__image-wrapper\\">
        <img class=\\"hig__global-nav__top-nav__project-account-switcher__item__image\\" src=\\"\\" alt=\\"\\" width=\\"32\\" height=\\"32\\">
        <span class=\\"hig__global-nav__top-nav__project-account-switcher__item__image-placeholder\\"></span>
    </span>
    <span class=\\"hig__global-nav__top-nav__project-account-switcher__item__label\\"></span>
</div><!--ITEM-->
    <span class=\\"hig__global-nav__top-nav__project-account-switcher__target__caret\\"><svg width=\\"10\\" height=\\"6\\" viewBox=\\"0 0 10 6\\" xmlns=\\"http://www.w3.org/2000/svg\\" role=\\"img\\" title=\\"caret\\"><title>hig/icon/caret</title><polyline points=\\"8 11 12 15 16 11\\" transform=\\"translate(-6.815 -10)\\" stroke-width=\\"1.5\\" stroke=\\"#979797\\" fill=\\"none\\" fill-rule=\\"evenodd\\" stroke-linecap=\\"round\\" stroke-linejoin=\\"round\\"></polyline></svg></span>
</div><!--TARGET-->
    <div class=\\"hig__flyout__container\\">
        <div class=\\"hig__flyout__chevron\\"></div>
        <div class=\\"hig__flyout__panel\\">
            <div class=\\"hig__global-nav__top-nav__project-account-switcher__lists\\">
    <div class=\\"hig__global-nav__top-nav__project-account-switcher__lists__list\\">
        <div class=\\"hig__global-nav__top-nav__project-account-switcher__item hig__global-nav__top-nav__project-account-switcher__item--account\\">
    <span class=\\"hig__global-nav__top-nav__project-account-switcher__item__image-wrapper\\">
        <img class=\\"hig__global-nav__top-nav__project-account-switcher__item__image\\" src=\\"something.jpg\\" alt=\\"Oakland Medical Center\\" width=\\"32\\" height=\\"32\\">
        <span class=\\"hig__global-nav__top-nav__project-account-switcher__item__image-placeholder\\">OMC</span>
    </span>
    <span class=\\"hig__global-nav__top-nav__project-account-switcher__item__label\\">Oakland Medical Center</span>
</div><div class=\\"hig__global-nav__top-nav__project-account-switcher__item hig__global-nav__top-nav__project-account-switcher__item--account\\">
    <span class=\\"hig__global-nav__top-nav__project-account-switcher__item__image-wrapper\\">
        <img class=\\"hig__global-nav__top-nav__project-account-switcher__item__image\\" src=\\"foo.jpg\\" alt=\\"Berkeley Medical Center\\" width=\\"32\\" height=\\"32\\">
        <span class=\\"hig__global-nav__top-nav__project-account-switcher__item__image-placeholder\\">BMC</span>
    </span>
    <span class=\\"hig__global-nav__top-nav__project-account-switcher__item__label\\">Berkeley Medical Center</span>
</div><div class=\\"hig__global-nav__top-nav__project-account-switcher__item hig__global-nav__top-nav__project-account-switcher__item--account\\">
    <span class=\\"hig__global-nav__top-nav__project-account-switcher__item__image-wrapper\\">
        <img class=\\"hig__global-nav__top-nav__project-account-switcher__item__image\\" src=\\"bar.jpg\\" alt=\\"UCSF Medical Center\\" width=\\"32\\" height=\\"32\\">
        <span class=\\"hig__global-nav__top-nav__project-account-switcher__item__image-placeholder\\">UMC</span>
    </span>
    <span class=\\"hig__global-nav__top-nav__project-account-switcher__item__label\\">UCSF Medical Center</span>
</div><!--ACCOUNTS-->
    </div>
    <div class=\\"hig__global-nav__top-nav__project-account-switcher__lists__list\\">
        <!--PROJECTS-->
    </div>
</div><!--SLOT-->
        </div>
    </div>
</div><!--FLYOUT-->
</div><!--PROJECT_ACCOUNT_SWITCHER-->
    <div class=\\"hig__global-nav__top-nav__group hig__global-nav__top-nav__group--right\\">
        <!--SHORTCUT-->
    </div>
    <!--PROFILE-->
</div><!--TOPNAV-->
        <!--SUBNAV-->
        <div class=\\"hig__global-nav__slot\\">
            <!--SLOT-->
        </div>
    </div>
</div>"
`;
