// Jest Snapshot v1, https://goo.gl/fbAQLP

exports[`<Container> renders a Container 1`] = `
"<div class=\\"hig__global-nav\\">
    <!--SIDENAV-->
    <div class=\\"hig__global-nav__container\\">
    <!--TOPNAV-->
    <!--SUBNAV-->
    <div class=\\"hig__global-nav__container__slot\\">
        <!--SLOT-->
    </div>
</div><!--CONTAINER-->
</div>"
`;
