// Jest Snapshot v1, https://goo.gl/fbAQLP

exports[`<SearchAdapter> renders 1`] = `
"<div class=\\"hig__global-nav\\">
    <div class=\\"hig__global-nav__sidenav\\">
  <div class=\\"hig__global-nav__sidenav__scroll hig__global-nav__sidenav__scroll--search\\">
    <h3 class=\\"hig__global-nav__sidenav__super-header\\">
      <a class=\\"hig__global-nav__sidenav__super-header-link\\"></a>
    </h3>
    <h4 class=\\"hig__global-nav__sidenav__header\\">
      <a class=\\"hig__global-nav__sidenav__header-link\\"></a>
    </h4>
    <div class=\\"hig__global-nav__sidenav__groups\\">
      <!--GROUP-->
    </div>
    <!--SLOT-->
    <div class=\\"hig__global-nav__sidenav__links\\">
      <!--LINK-->
    </div>
    <div class=\\"hig__global-nav__sidenav__copyright\\">© 2017 Autodesk, Inc.</div>
  </div>
  <div class=\\"hig__global-nav__side-nav__search\\">
    <div class=\\"hig__global-nav__side-nav__search__icon\\"><div class=\\"hig__icon\\"><svg xmlns=\\"http://www.w3.org/2000/svg\\" width=\\"16\\" height=\\"16\\" viewBox=\\"0 0 16 16\\" role=\\"img\\" title=\\"search-16\\"><title>search-16_1</title><path d=\\"M2,15.88a.94.94,0,0,1-.64-.27L.27,14.55a.91.91,0,0,1,0-1.28L4.19,9.41a.91.91,0,0,1,1.28,0l1.06,1.06a.9.9,0,0,1,0,1.28L2.62,15.61A.9.9,0,0,1,2,15.88Z\\"></path><path d=\\"M10.5,0A5.5,5.5,0,1,0,16,5.5,5.5,5.5,0,0,0,10.5,0Zm0,10A4.5,4.5,0,1,1,15,5.5,4.5,4.5,0,0,1,10.5,10Z\\"></path></svg></div></div>
    <div class=\\"hig__global-nav__side-nav__search__inputholder\\"><input class=\\"hig__global-nav__side-nav__search__inputholder__input\\" type=\\"text\\" placeholder=\\"Search\\" value=\\"\\"></div>
    <div class=\\"hig__global-nav__side-nav__search__clear\\"><div class=\\"hig__icon\\"><svg width=\\"24\\" height=\\"24\\" viewBox=\\"0 0 24 24\\" xmlns=\\"http://www.w3.org/2000/svg\\" role=\\"img\\" title=\\"close-small\\"><title>hig/icon/close-small</title><g fill=\\"none\\" fill-rule=\\"evenodd\\"><circle stroke=\\"#353636\\" cx=\\"12\\" cy=\\"12\\" r=\\"8\\"></circle><polygon fill=\\"#353636\\" transform=\\"rotate(45 12 12)\\" points=\\"16.5 11.4518414 12.5847458 11.4518414 12.5847458 7.5 11.4152542 7.5 11.4152542 11.4518414 7.5 11.4518414 7.5 12.5226629 11.4152542 12.5226629 11.4152542 16.5 12.5847458 16.5 12.5847458 12.5226629 16.5 12.5226629\\"></polygon></g></svg></div></div>
</div><!--SEARCH-->
</div><!--SIDENAV-->
    <div class=\\"hig__global-nav__container\\">
        <!--TOPNAV-->
        <!--SUBNAV-->
        <div class=\\"hig__global-nav__slot\\">
            <!--SLOT-->
        </div>
    </div>
</div>"
`;

exports[`<SearchAdapter> renders with initial props 1`] = `
"<div class=\\"hig__global-nav\\">
    <div class=\\"hig__global-nav__sidenav\\">
  <div class=\\"hig__global-nav__sidenav__scroll hig__global-nav__sidenav__scroll--search\\">
    <h3 class=\\"hig__global-nav__sidenav__super-header\\">
      <a class=\\"hig__global-nav__sidenav__super-header-link\\"></a>
    </h3>
    <h4 class=\\"hig__global-nav__sidenav__header\\">
      <a class=\\"hig__global-nav__sidenav__header-link\\"></a>
    </h4>
    <div class=\\"hig__global-nav__sidenav__groups\\">
      <!--GROUP-->
    </div>
    <!--SLOT-->
    <div class=\\"hig__global-nav__sidenav__links\\">
      <!--LINK-->
    </div>
    <div class=\\"hig__global-nav__sidenav__copyright\\">© 2017 Autodesk, Inc.</div>
  </div>
  <div class=\\"hig__global-nav__side-nav__search\\">
    <div class=\\"hig__global-nav__side-nav__search__icon\\"><div class=\\"hig__icon\\"><svg xmlns=\\"http://www.w3.org/2000/svg\\" width=\\"16\\" height=\\"16\\" viewBox=\\"0 0 16 16\\" role=\\"img\\" title=\\"search-16\\"><title>search-16_1</title><path d=\\"M2,15.88a.94.94,0,0,1-.64-.27L.27,14.55a.91.91,0,0,1,0-1.28L4.19,9.41a.91.91,0,0,1,1.28,0l1.06,1.06a.9.9,0,0,1,0,1.28L2.62,15.61A.9.9,0,0,1,2,15.88Z\\"></path><path d=\\"M10.5,0A5.5,5.5,0,1,0,16,5.5,5.5,5.5,0,0,0,10.5,0Zm0,10A4.5,4.5,0,1,1,15,5.5,4.5,4.5,0,0,1,10.5,10Z\\"></path></svg></div></div>
    <div class=\\"hig__global-nav__side-nav__search__inputholder\\"><input class=\\"hig__global-nav__side-nav__search__inputholder__input\\" type=\\"text\\" placeholder=\\"Search a little search for me\\" value=\\"\\"></div>
    <div class=\\"hig__global-nav__side-nav__search__clear\\"><div class=\\"hig__icon\\"><svg width=\\"24\\" height=\\"24\\" viewBox=\\"0 0 24 24\\" xmlns=\\"http://www.w3.org/2000/svg\\" role=\\"img\\" title=\\"close-small\\"><title>hig/icon/close-small</title><g fill=\\"none\\" fill-rule=\\"evenodd\\"><circle stroke=\\"#353636\\" cx=\\"12\\" cy=\\"12\\" r=\\"8\\"></circle><polygon fill=\\"#353636\\" transform=\\"rotate(45 12 12)\\" points=\\"16.5 11.4518414 12.5847458 11.4518414 12.5847458 7.5 11.4152542 7.5 11.4152542 11.4518414 7.5 11.4518414 7.5 12.5226629 11.4152542 12.5226629 11.4152542 16.5 12.5847458 16.5 12.5847458 12.5226629 16.5 12.5226629\\"></polygon></g></svg></div></div>
</div><!--SEARCH-->
</div><!--SIDENAV-->
    <div class=\\"hig__global-nav__container\\">
        <!--TOPNAV-->
        <!--SUBNAV-->
        <div class=\\"hig__global-nav__slot\\">
            <!--SLOT-->
        </div>
    </div>
</div>"
`;

exports[`<SearchAdapter> renders with updated props 1`] = `
"<div class=\\"hig__global-nav\\">
    <div class=\\"hig__global-nav__sidenav\\">
  <div class=\\"hig__global-nav__sidenav__scroll hig__global-nav__sidenav__scroll--search\\">
    <h3 class=\\"hig__global-nav__sidenav__super-header\\">
      <a class=\\"hig__global-nav__sidenav__super-header-link\\"></a>
    </h3>
    <h4 class=\\"hig__global-nav__sidenav__header\\">
      <a class=\\"hig__global-nav__sidenav__header-link\\"></a>
    </h4>
    <div class=\\"hig__global-nav__sidenav__groups\\">
      <!--GROUP-->
    </div>
    <!--SLOT-->
    <div class=\\"hig__global-nav__sidenav__links\\">
      <!--LINK-->
    </div>
    <div class=\\"hig__global-nav__sidenav__copyright\\">© 2017 Autodesk, Inc.</div>
  </div>
  <div class=\\"hig__global-nav__side-nav__search\\">
    <div class=\\"hig__global-nav__side-nav__search__icon\\"><div class=\\"hig__icon\\"><svg xmlns=\\"http://www.w3.org/2000/svg\\" width=\\"16\\" height=\\"16\\" viewBox=\\"0 0 16 16\\" role=\\"img\\" title=\\"search-16\\"><title>search-16_1</title><path d=\\"M2,15.88a.94.94,0,0,1-.64-.27L.27,14.55a.91.91,0,0,1,0-1.28L4.19,9.41a.91.91,0,0,1,1.28,0l1.06,1.06a.9.9,0,0,1,0,1.28L2.62,15.61A.9.9,0,0,1,2,15.88Z\\"></path><path d=\\"M10.5,0A5.5,5.5,0,1,0,16,5.5,5.5,5.5,0,0,0,10.5,0Zm0,10A4.5,4.5,0,1,1,15,5.5,4.5,4.5,0,0,1,10.5,10Z\\"></path></svg></div></div>
    <div class=\\"hig__global-nav__side-nav__search__inputholder\\"><input class=\\"hig__global-nav__side-nav__search__inputholder__input\\" type=\\"text\\" placeholder=\\"Search a little search for me\\" value=\\"\\"></div>
    <div class=\\"hig__global-nav__side-nav__search__clear hig__global-nav__side-nav__search__clear--show\\"><div class=\\"hig__icon\\"><svg width=\\"24\\" height=\\"24\\" viewBox=\\"0 0 24 24\\" xmlns=\\"http://www.w3.org/2000/svg\\" role=\\"img\\" title=\\"close-small\\"><title>hig/icon/close-small</title><g fill=\\"none\\" fill-rule=\\"evenodd\\"><circle stroke=\\"#353636\\" cx=\\"12\\" cy=\\"12\\" r=\\"8\\"></circle><polygon fill=\\"#353636\\" transform=\\"rotate(45 12 12)\\" points=\\"16.5 11.4518414 12.5847458 11.4518414 12.5847458 7.5 11.4152542 7.5 11.4152542 11.4518414 7.5 11.4518414 7.5 12.5226629 11.4152542 12.5226629 11.4152542 16.5 12.5847458 16.5 12.5847458 12.5226629 16.5 12.5226629\\"></polygon></g></svg></div></div>
</div><!--SEARCH-->
</div><!--SIDENAV-->
    <div class=\\"hig__global-nav__container\\">
        <!--TOPNAV-->
        <!--SUBNAV-->
        <div class=\\"hig__global-nav__slot\\">
            <!--SLOT-->
        </div>
    </div>
</div>"
`;
