// Jest Snapshot v1, https://goo.gl/fbAQLP

exports[`<SideNav> renders when configured with defaults 1`] = `
"<div class=\\"hig__global-nav\\">
    <div class=\\"hig__global-nav__sidenav\\">
  <div class=\\"hig__global-nav__sidenav__scroll\\">
    <h3 class=\\"hig__global-nav__sidenav__super-header\\">
      <a class=\\"hig__global-nav__sidenav__super-header-link\\" href=\\"http://my-account-url.com\\">My lovely account</a>
    </h3>
    <h4 class=\\"hig__global-nav__sidenav__header\\">
      <a class=\\"hig__global-nav__sidenav__header-link\\" href=\\"http://my-project-url.com\\">My lovely project</a>
    </h4>
    <div class=\\"hig__global-nav__sidenav__groups\\">
      <!--GROUP-->
    </div>
    <!--SLOT-->
    <div class=\\"hig__global-nav__sidenav__links\\">
      <!--LINK-->
    </div>
    <div class=\\"hig__global-nav__sidenav__copyright\\">Copyright @ 2017</div>
  </div>
  <!--SEARCH-->
</div><!--SIDENAV-->
    <div class=\\"hig__global-nav__container\\">
        <!--TOPNAV-->
        <!--SUBNAV-->
        <div class=\\"hig__global-nav__slot\\">
            <!--SLOT-->
        </div>
    </div>
</div>"
`;

exports[`<SideNav> renders when configured with updated props 1`] = `
"<div class=\\"hig__global-nav\\">
    <div class=\\"hig__global-nav__sidenav\\">
  <div class=\\"hig__global-nav__sidenav__scroll\\">
    <h3 class=\\"hig__global-nav__sidenav__super-header\\">
      <a class=\\"hig__global-nav__sidenav__super-header-link\\" href=\\"http://my-updated-account-url.com\\">My updated account</a>
    </h3>
    <h4 class=\\"hig__global-nav__sidenav__header\\">
      <a class=\\"hig__global-nav__sidenav__header-link\\" href=\\"http://my-updated-project-url.com\\">My updated project</a>
    </h4>
    <div class=\\"hig__global-nav__sidenav__groups\\">
      <!--GROUP-->
    </div>
    <!--SLOT-->
    <div class=\\"hig__global-nav__sidenav__links\\">
      <!--LINK-->
    </div>
    <div class=\\"hig__global-nav__sidenav__copyright\\">Copyright @ 2017</div>
  </div>
  <!--SEARCH-->
</div><!--SIDENAV-->
    <div class=\\"hig__global-nav__container\\">
        <!--TOPNAV-->
        <!--SUBNAV-->
        <div class=\\"hig__global-nav__slot\\">
            <!--SLOT-->
        </div>
    </div>
</div>"
`;

exports[`<SideNav> renders without defaults 1`] = `
"<div class=\\"hig__global-nav\\">
    <div class=\\"hig__global-nav__sidenav\\">
  <div class=\\"hig__global-nav__sidenav__scroll\\">
    <h3 class=\\"hig__global-nav__sidenav__super-header\\">
      <a class=\\"hig__global-nav__sidenav__super-header-link\\"></a>
    </h3>
    <h4 class=\\"hig__global-nav__sidenav__header\\">
      <a class=\\"hig__global-nav__sidenav__header-link\\"></a>
    </h4>
    <div class=\\"hig__global-nav__sidenav__groups\\">
      <!--GROUP-->
    </div>
    <!--SLOT-->
    <div class=\\"hig__global-nav__sidenav__links\\">
      <!--LINK-->
    </div>
    <div class=\\"hig__global-nav__sidenav__copyright\\">© 2017 Autodesk, Inc.</div>
  </div>
  <!--SEARCH-->
</div><!--SIDENAV-->
    <div class=\\"hig__global-nav__container\\">
        <!--TOPNAV-->
        <!--SUBNAV-->
        <div class=\\"hig__global-nav__slot\\">
            <!--SLOT-->
        </div>
    </div>
</div>"
`;

exports[`<SideNav> with search renders children correctly 1`] = `
"<div class=\\"hig__global-nav\\">
    <div class=\\"hig__global-nav__sidenav\\">
  <div class=\\"hig__global-nav__sidenav__scroll hig__global-nav__sidenav__scroll--search\\">
    <h3 class=\\"hig__global-nav__sidenav__super-header\\">
      <a class=\\"hig__global-nav__sidenav__super-header-link\\"></a>
    </h3>
    <h4 class=\\"hig__global-nav__sidenav__header\\">
      <a class=\\"hig__global-nav__sidenav__header-link\\"></a>
    </h4>
    <div class=\\"hig__global-nav__sidenav__groups\\">
      <div class=\\"hig__global-nav__side-nav__section__group\\">
    <div class=\\"hig__global-nav__side-nav__section__group__module\\">
  <div class=\\"hig__global-nav__side-nav__section__group__module__row\\">
    <a class=\\"hig__global-nav__side-nav__section__group__module__link\\" href=\\"#\\">
      <div class=\\"hig__global-nav__side-nav__section__group__module__link__icon\\"><div class=\\"hig__icon\\"><svg xmlns=\\"http://www.w3.org/2000/svg\\" width=\\"24\\" height=\\"24\\" viewBox=\\"0 0 24 24\\" role=\\"img\\" title=\\"assets\\"><title>assets-24</title><g fill=\\"#2e4258\\"><path d=\\"M7,18H3V3H13V6h1V3a1,1,0,0,0-1-1H3A1,1,0,0,0,2,3V18a1,1,0,0,0,1,1H7Z\\"></path><path d=\\"M21,8V21H9V8H21m0-1H9A1,1,0,0,0,8,8V21a1,1,0,0,0,1,1H21a1,1,0,0,0,1-1V8a1,1,0,0,0-1-1Z\\"></path><path d=\\"M19,16v3H11V16h8m1-1H10v5H20V15Z\\"></path><path d=\\"M10,9v5H20V9Zm9,4H16V12H14v1H11V10h8Z\\"></path><polygon points=\\"7 10 5 10 5 5 11 5 11 6 12 6 12 4 4 4 4 11 7 11 7 10\\"></polygon></g></svg></div></div>
      <div class=\\"hig__global-nav__side-nav__section__group__module__link__title\\">Document Workflow</div>
    </a>
    <!--MODULE-COLLAPSE-->
  </div>
  <div class=\\"hig__global-nav__side-nav__section__group__module__submodules \\">
    <a class=\\"hig__global-nav__side-nav__section__group__module__submodule\\" href=\\"\\">
  Document
</a><a class=\\"hig__global-nav__side-nav__section__group__module__submodule\\" href=\\"\\">
  Workflow
</a><!--SUBMODULE-->
  </div>
</div><!--MODULE-->
</div><!--GROUP-->
    </div>
    <!--SLOT-->
    <div class=\\"hig__global-nav__sidenav__links\\">
      <!--LINK-->
    </div>
    <div class=\\"hig__global-nav__sidenav__copyright\\">© 2017 Autodesk, Inc.</div>
  </div>
  <div class=\\"hig__global-nav__side-nav__search\\">
    <div class=\\"hig__global-nav__side-nav__search__icon\\"><div class=\\"hig__icon\\"><svg xmlns=\\"http://www.w3.org/2000/svg\\" width=\\"16\\" height=\\"16\\" viewBox=\\"0 0 16 16\\" role=\\"img\\" title=\\"search-16\\"><title>search-16_1</title><path d=\\"M2,15.88a.94.94,0,0,1-.64-.27L.27,14.55a.91.91,0,0,1,0-1.28L4.19,9.41a.91.91,0,0,1,1.28,0l1.06,1.06a.9.9,0,0,1,0,1.28L2.62,15.61A.9.9,0,0,1,2,15.88Z\\"></path><path d=\\"M10.5,0A5.5,5.5,0,1,0,16,5.5,5.5,5.5,0,0,0,10.5,0Zm0,10A4.5,4.5,0,1,1,15,5.5,4.5,4.5,0,0,1,10.5,10Z\\"></path></svg></div></div>
    <div class=\\"hig__global-nav__side-nav__search__inputholder\\"><input class=\\"hig__global-nav__side-nav__search__inputholder__input\\" type=\\"text\\" placeholder=\\"Search\\" value=\\"\\"></div>
    <div class=\\"hig__global-nav__side-nav__search__clear\\"><div class=\\"hig__icon\\"><svg width=\\"24\\" height=\\"24\\" viewBox=\\"0 0 24 24\\" xmlns=\\"http://www.w3.org/2000/svg\\" role=\\"img\\" title=\\"close-small\\"><title>hig/icon/close-small</title><g fill=\\"none\\" fill-rule=\\"evenodd\\"><circle stroke=\\"#353636\\" cx=\\"12\\" cy=\\"12\\" r=\\"8\\"></circle><polygon fill=\\"#353636\\" transform=\\"rotate(45 12 12)\\" points=\\"16.5 11.4518414 12.5847458 11.4518414 12.5847458 7.5 11.4152542 7.5 11.4152542 11.4518414 7.5 11.4518414 7.5 12.5226629 11.4152542 12.5226629 11.4152542 16.5 12.5847458 16.5 12.5847458 12.5226629 16.5 12.5226629\\"></polygon></g></svg></div></div>
</div><!--SEARCH-->
</div><!--SIDENAV-->
    <div class=\\"hig__global-nav__container\\">
        <!--TOPNAV-->
        <!--SUBNAV-->
        <div class=\\"hig__global-nav__slot\\">
            <!--SLOT-->
        </div>
    </div>
</div>"
`;

exports[`<SideNav> with slot content renders children correctly 1`] = `
"<div class=\\"hig__global-nav\\">
    <div class=\\"hig__global-nav__sidenav\\">
  <div class=\\"hig__global-nav__sidenav__scroll hig__global-nav__sidenav__scroll--search\\">
    <h3 class=\\"hig__global-nav__sidenav__super-header\\">
      <a class=\\"hig__global-nav__sidenav__super-header-link\\"></a>
    </h3>
    <h4 class=\\"hig__global-nav__sidenav__header\\">
      <a class=\\"hig__global-nav__sidenav__header-link\\"></a>
    </h4>
    <div class=\\"hig__global-nav__sidenav__groups\\">
      <div class=\\"hig__global-nav__side-nav__section__group\\">
    <div class=\\"hig__global-nav__side-nav__section__group__module\\">
  <div class=\\"hig__global-nav__side-nav__section__group__module__row\\">
    <a class=\\"hig__global-nav__side-nav__section__group__module__link\\" href=\\"#\\">
      <div class=\\"hig__global-nav__side-nav__section__group__module__link__icon\\"><div class=\\"hig__icon\\"><svg xmlns=\\"http://www.w3.org/2000/svg\\" width=\\"24\\" height=\\"24\\" viewBox=\\"0 0 24 24\\" role=\\"img\\" title=\\"assets\\"><title>assets-24</title><g fill=\\"#2e4258\\"><path d=\\"M7,18H3V3H13V6h1V3a1,1,0,0,0-1-1H3A1,1,0,0,0,2,3V18a1,1,0,0,0,1,1H7Z\\"></path><path d=\\"M21,8V21H9V8H21m0-1H9A1,1,0,0,0,8,8V21a1,1,0,0,0,1,1H21a1,1,0,0,0,1-1V8a1,1,0,0,0-1-1Z\\"></path><path d=\\"M19,16v3H11V16h8m1-1H10v5H20V15Z\\"></path><path d=\\"M10,9v5H20V9Zm9,4H16V12H14v1H11V10h8Z\\"></path><polygon points=\\"7 10 5 10 5 5 11 5 11 6 12 6 12 4 4 4 4 11 7 11 7 10\\"></polygon></g></svg></div></div>
      <div class=\\"hig__global-nav__side-nav__section__group__module__link__title\\">title</div>
    </a>
    <!--MODULE-COLLAPSE-->
  </div>
  <div class=\\"hig__global-nav__side-nav__section__group__module__submodules \\">
    <a class=\\"hig__global-nav__side-nav__section__group__module__submodule\\" href=\\"\\">
  
</a><a class=\\"hig__global-nav__side-nav__section__group__module__submodule\\" href=\\"\\">
  
</a><!--SUBMODULE-->
  </div>
</div><!--MODULE-->
</div><!--GROUP-->
    </div>
    <div class=\\"hig__side-nav__slot\\"><div><h1>Hello, world!</h1></div></div><!--SLOT-->
    <div class=\\"hig__global-nav__sidenav__links\\">
      <!--LINK-->
    </div>
    <div class=\\"hig__global-nav__sidenav__copyright\\">© 2017 Autodesk, Inc.</div>
  </div>
  <div class=\\"hig__global-nav__side-nav__search\\">
    <div class=\\"hig__global-nav__side-nav__search__icon\\"><div class=\\"hig__icon\\"><svg xmlns=\\"http://www.w3.org/2000/svg\\" width=\\"16\\" height=\\"16\\" viewBox=\\"0 0 16 16\\" role=\\"img\\" title=\\"search-16\\"><title>search-16_1</title><path d=\\"M2,15.88a.94.94,0,0,1-.64-.27L.27,14.55a.91.91,0,0,1,0-1.28L4.19,9.41a.91.91,0,0,1,1.28,0l1.06,1.06a.9.9,0,0,1,0,1.28L2.62,15.61A.9.9,0,0,1,2,15.88Z\\"></path><path d=\\"M10.5,0A5.5,5.5,0,1,0,16,5.5,5.5,5.5,0,0,0,10.5,0Zm0,10A4.5,4.5,0,1,1,15,5.5,4.5,4.5,0,0,1,10.5,10Z\\"></path></svg></div></div>
    <div class=\\"hig__global-nav__side-nav__search__inputholder\\"><input class=\\"hig__global-nav__side-nav__search__inputholder__input\\" type=\\"text\\" placeholder=\\"Search\\" value=\\"\\"></div>
    <div class=\\"hig__global-nav__side-nav__search__clear\\"><div class=\\"hig__icon\\"><svg width=\\"24\\" height=\\"24\\" viewBox=\\"0 0 24 24\\" xmlns=\\"http://www.w3.org/2000/svg\\" role=\\"img\\" title=\\"close-small\\"><title>hig/icon/close-small</title><g fill=\\"none\\" fill-rule=\\"evenodd\\"><circle stroke=\\"#353636\\" cx=\\"12\\" cy=\\"12\\" r=\\"8\\"></circle><polygon fill=\\"#353636\\" transform=\\"rotate(45 12 12)\\" points=\\"16.5 11.4518414 12.5847458 11.4518414 12.5847458 7.5 11.4152542 7.5 11.4152542 11.4518414 7.5 11.4518414 7.5 12.5226629 11.4152542 12.5226629 11.4152542 16.5 12.5847458 16.5 12.5847458 12.5226629 16.5 12.5226629\\"></polygon></g></svg></div></div>
</div><!--SEARCH-->
</div><!--SIDENAV-->
    <div class=\\"hig__global-nav__container\\">
        <!--TOPNAV-->
        <!--SUBNAV-->
        <div class=\\"hig__global-nav__slot\\">
            <!--SLOT-->
        </div>
    </div>
</div>"
`;
